1:1011279-T/TA
1:1013638-G/GAC
1:1017043-T/TTCCCTG
1:1035740-C/CTT
1:1047688-A/AT
1:1049040-T/*,TG
1:1056313-C/CGCCCCAGCCCCGT
1:1056670-CCT/C
1:1077204-A/AT
1:1080166-AT/A
1:1084983-G/GT
1:1086585-CTGGA/C,*
1:1090171-AT/A
1:1111152-T/TA
1:1112059-C/CTG
1:1112702-CT/C
1:1115811-GTT/G
1:1116686-T/TA,*
1:1125043-GC/G
1:1135320-AG/A
1:1135377-C/CCT
1:1146666-GC/G
1:1157520-A/ATG
1:1170381-T/TC
1:1177426-TC/T,*
1:1178812-C/CA
1:1183737-C/CTA
1:1185365-AC/A
1:1185998-T/TGGGGAGGGGGA
1:1193235-CT/C
1:1199523-G/GT
1:1208662-CAA/C
1:1238205-A/AC
1:1243364-T/TC
1:1257039-CAG/C
1:1261659-CTTAAAA/C
1:1264235-C/CTGTT
1:1290423-CAGTCTCAACAGCTATAGT/C
1:1295189-G/GC
1:1300506-G/GCC
1:1323727-GA/G
1:1325211-TA/T
1:1329714-G/GA
1:1330624-AT/A
1:1346646-TA/T,*
1:1354509-TATAC/T,*
1:1354969-TAC/T,*
1:1355283-TA/T
1:1359244-A/AGAT
1:1378082-AC/*,A
1:1383090-CAG/C
1:1398522-TTTCA/T
1:1398570-CTTATG/C
1:1405998-T/TAC
1:1406949-ATATATATATAT/*,A
1:1407256-AT/*,A
1:1407985-AT/*,A
1:1409177-ATATATATATAT/*,A
1:1409675-AT/*,A
1:1412592-G/GTATTTT
1:1413910-CAA/C
1:1415187-GA/G
1:1421754-C/CA
1:1432055-C/CAACA
1:1446739-C/CAT
1:1447063-A/AAG,*
1:1447142-T/TGTGG
1:1450548-C/CTTTG
1:1461810-G/GGTCTTC
1:1462892-G/GTA
1:1469016-TAC/T,*
1:1472042-T/TC,*
1:1474268-TAATC/T
1:1489202-TATGTGTATATATATATATA/T,*
1:1493266-TGTGTGTGTGTGTGTGTGTGTGTGTGTGTG/TTGTGTGTGTGTGTGTGTGTGTGTGTGTG,*
1:1493705-TGTGTGTGTGTGTGTGTGTGTGTGTGTG/T,*
1:1493832-TG/T,*
1:1494813-TGTGTGTGTGTGTGTGTGTGTGTG/T,*
1:1495471-TGTGTGTGTGTGTGTGTGTGTG/TTGTGTGTGTGTGTGTGTGTG,*
1:1502470-TG/T,*
1:1519091-ACT/A
1:1525448-TCCTGC/T
1:1527190-TCTCC/T
1:1527480-A/AATGATAC
1:1527601-GTCTA/G
1:1527945-A/ACCACCG
1:1532338-GA/G
