1:1060740-CTT/C,CT,CTTT,CTTTT
1:1061474-A/G
1:1061726-T/C
1:1083580-G/A
