1:1182959-T/C
1:1193513-CTTT/CTT,CTTTT,CTTTTT,C,CT
1:1239309-C/T
1:1242959-G/A
1:1243671-G/A
1:1260010-CA/CAA,C
1:1270687-AT/ATTT,ATTTT,A,ATT
1:1334006-G/A
1:1334121-TGAG/T
1:1387386-TAA/TA,TAAA,TAAAA,TAAAAA,T,TAAAAAAA
1:1418869-GAA/GA,GAAA,GAAAA,G
1:1471053-CTTTTTTTTTTTT/CTTTTTTTTTTTTTT,CTTTTTTTTT,CTTTTTTTTTTT,CTTTTTTTTTTTTT,CTTTTTTTTTT,CTTTTTTTTTTTTTTT,C
1:1504044-A/G
1:1504720-C/T
1:1505243-T/C
1:1505720-C/T
1:1506388-G/A
1:1506961-T/C
1:1507014-A/G
1:1507051-C/G
1:1510992-G/A
1:1511946-C/G
1:1512659-A/G
1:1515495-G/T
1:1516058-A/G
1:1516782-A/C
1:1517175-G/C
1:1517788-C/T
1:1518258-C/G
1:1518858-C/A
1:1519091-ACT/A
1:1519555-C/T
1:1520060-G/A
1:1520962-T/C
1:1521181-T/C
1:1521406-G/A
1:1522124-G/T
1:1522256-C/A
1:1524049-C/T
1:1524294-C/A
1:1524560-G/C
1:1528464-C/G
1:1529013-T/C
1:1533172-C/T
