chr1:1006716-T/C
chr1:1009674-A/<INV>
chr1:1010655-G/A
chr1:1017400-T/<INV>
chr1:1020684-ATTGG/A
chr1:1024871-C/<INV>
