1:1000437-A/G
1:1000489-G/C
1:1001123-C/T
1:1001731-C/T
1:1002528-T/A
1:1003111-G/C
1:1003211-A/T
1:1003400-T/G
1:1004001-T/C
1:1004068-C/T
1:1004744-G/T
1:1004954-T/C
1:1005024-G/C
1:1005330-C/T
1:1005599-T/A
1:1005653-A/C
1:1006031-G/T
1:1006359-T/C
1:1007296-C/A
1:1007496-T/C
1:1007770-G/C
1:1008315-A/G
1:1009028-T/C
1:1009784-A/G
1:1010169-A/ATT,ATTT,ATTTT,AT
1:1011018-G/A
1:1011279-T/TA
1:1012494-C/T
1:1013181-TAA/TA,TAAA,T
1:1013638-G/GAC
1:1013854-C/T
1:1014992-G/T
1:1015330-C/T
1:1016269-C/T
1:1016595-G/A
1:1017043-T/TTCCCTG
1:1017737-C/T
1:1018290-GAAAAAAAAAAAAAA/GAAAAAA,GAAAAAAAAAAA,GAAAAAAAAAAAA,G,GAAAAAAAAAAAAA,GAAAAA
1:1018549-A/*,G
1:1019258-A/*,G
1:1020230-TAAA/TA,TAA,TAAAA,T,TAAAAA
1:1021139-A/*,T
1:1021791-C/T
1:1022683-CA/CAA,C,CAAA
1:1024284-CT/CTT,C
1:1025123-CAAAAAA/CAAAAAAA,CAAAA,CAAAAAAAA,CAAAAA,C
1:1026095-A/C,*
1:1026725-A/G
1:1027800-C/CATA
1:1028736-GTTC/G
1:1029273-G/T
1:1029650-C/G
1:1030650-G/A
1:1031158-T/C
1:1032022-T/C
1:1032165-T/C
1:1032801-T/C
1:1033390-C/T
1:1033505-A/T
1:1034051-A/C
1:1034335-C/T
1:1034794-T/C
1:1035740-C/CTT
1:1036488-G/A
1:1036902-A/G
1:1037182-T/C
1:1037889-T/C
1:1038057-CAAAAAAA/C,CAAAAAAAAAA,CAAAAAAAA,CAAAAAAAAA,CAAAAAAAAAAA,CA,CAAAAAAAAAAAAAAAAAAAAAAAA,CAAAAAAAAAAAAAAAAAAAA,CAAAAAAAAAAAAAAAAAAAAA
1:1038661-G/A
1:1039358-G/A
1:1040261-T/C
1:1040731-A/G
1:1040741-C/T
1:1041482-G/A
1:1042214-A/G
1:1043084-A/G
1:1043458-C/T
1:1044710-C/T
1:1045613-C/G
1:1046197-C/G
1:1046621-A/C
1:1047688-A/AT
1:1048250-G/A
1:1048831-ATTT/AT,ATT,ATTTT,ATTTTT,A
1:1049000-T/*,C
1:1049040-T/*,TG
1:1050001-C/A
1:1050880-G/C
1:1051703-A/G
1:1051947-A/G
1:1051974-A/G
1:1052815-C/T
1:1052902-A/C
1:1053431-G/A
1:1053898-A/G
1:1054170-A/G
1:1054466-C/A
1:1055347-C/T
1:1057065-G/A
1:1057248-A/T
1:1058183-A/C
1:1058781-G/A
1:1059409-A/G
1:1059730-CAAA/CAA,CAAAA,C,CA
1:1060262-T/C
1:1060740-CTT/C,CT,CTTT,CTTTT
1:1061474-A/G
1:1061926-CT/CTT,C
1:1062523-CTTT/CT,CTTTT,CTT,C
1:1063425-CTT/CTTT,CT,C
1:1064082-T/C
1:1064855-CAA/CA,CAAA,C,CAAAA
1:1065111-T/C
1:1065407-AT/ATT,A
1:1066125-G/A
1:1066827-T/G
1:1067319-C/T
1:1067887-T/TTTCTTCTTC,TTTCTTCTTCTTCTTC,TTTCTTC,TTTC
1:1068014-C/T
1:1068753-A/G
1:1069244-CTTTT/CT,C,CTTT,CTTTTT,CTT
1:1070002-T/*,C
1:1070020-T/*,C
1:1070144-G/T
1:1071021-G/C
1:1071774-C/G
1:1072376-G/A
1:1073365-G/T
1:1073512-CTTT/CTT,CTTTT,CTTTTT,CT,C
1:1073724-AAAATAAATAAATAAAT/AAAATAAAT,AAAATAAATAAATAAATAAAT,AAAATAAATAAATAAATAAATAAAT,AAAATAAATAAAT,A,AAAATAAATAAATAAATAAATAAATAAAT
1:1074361-C/G
1:1074696-A/T,C
1:1074909-CAA/CAAA,CA,C
1:1074943-CAA/CA,CAAA,C
1:1075625-C/T
1:1076062-TA/T,TAA
1:1076236-CTT/CT,CTTT,C
1:1077003-CAAAAAAAAAAAAA/CAAAAAAAAAAAA,CAAAAAAAAAAAAAA,CAAAAAAAAAAA,CAAAAAAAAAA,CAAAAAAAAA,C
1:1077204-A/AT
1:1078320-A/T
1:1078658-CA/C,CAA
1:1079908-CTT/CT,C,CTTT
1:1080166-AT/A
1:1080781-TA/T,TAA
1:1081361-A/G
1:1082113-G/GACAATTGCTCGTAAACAGGTGGATGATGGTGCGTTGGTATTGGATATCAATATGGACGATGGTCTGTTGGAGGCAAAAGATGAGATGGTTCATTT
1:1082470-T/C
1:1082797-G/A
1:1083580-G/A
1:1084364-CAA/CAAA,CAAAA,C,CA
1:1084983-G/GT
1:1085844-CTTTTTT/CTTTT,CTTTTT,CTTTTTTT,CTTTTTTTTT,CTTTTTTTT,C
1:1086585-CTGGA/C,*
1:1086925-A/G
1:1087635-TA/T,TAA
1:1087772-A/G
1:1088459-T/C
1:1088630-CAAA/CAA,CA,CAAAA,C
1:1089423-A/G
1:1089691-T/C
1:1089729-G/A
1:1089894-C/T
1:1090171-AT/A
1:1091155-CT/C,CTT
1:1091827-TA/TAA,T,TAAA
1:1091972-CAAA/CAAAA,CAAAAA,C,CAA,CA,CAAAAAA
1:1092164-A/C,AC,AAC
1:1093114-AT/ATT,ATTT,A
1:1093998-A/C
1:1094828-C/G
1:1094926-A/G
1:1096457-G/A
1:1096983-T/G
1:1097486-C/T
1:1098415-G/A
1:1098465-T/C
1:1098959-T/G,C
1:1099890-A/G
1:1100402-T/C
1:1101232-G/GAAAAAAAAA,GAAAAAAAAAA,GAAAAAAAAAAA,GAAAAAAAA
1:1101254-T/A
1:1102056-A/T
1:1102927-A/G
1:1103535-GGGGAGACA/G,GGGGAGACAGGGAGACA
1:1103830-C/T
1:1104181-GTATA/GTA,G
1:1104747-GTATATATATA/GTATATATA,GTATATA,GTA,GTATA,GTATATATATATA,G
1:1105721-A/G,*
1:1106155-A/G,*
1:1107010-A/G,*
1:1107577-A/G,*
1:1108972-TAC/CAC,T
1:1109264-T/C
1:1109900-T/A
1:1110071-G/A
1:1110441-CT/CTT,C
1:1111152-T/TA
1:1112059-C/CTG
1:1112702-CT/C
1:1113458-G/C
1:1113836-G/A
1:1114330-C/T
1:1114820-G/A
1:1115811-GTT/G
1:1115946-TTATATA/T,TTATATATA,TTATA,ATATATA,TTA
1:1116657-ATTT/AT,TTTT,ATTTT,A,ATT
1:1116686-T/TA,*
1:1116834-T/A,TA,*
1:1117331-T/A,*
1:1118137-T/A,*
1:1118677-A/G
1:1118813-TAA/TA,TAAA,T
1:1119912-CAA/CAAA,CAAAA,CA,C,CAAAAA
1:1120377-A/G
1:1120533-A/G
1:1121280-CTT/CT,CTTT,C,CTTTT
1:1121541-G/A
1:1122069-T/G
1:1122382-TTCTC/TTC,TTCTCTC,T,TTCTCTCTC
1:1123204-ATGTGTG/ATGTGTGTG,ATGTG,ATG,*
1:1123363-A/G
1:1123967-CT/CTT,C,CTTT
1:1124299-T/A
1:1125426-G/C
1:1125729-A/G
1:1126069-C/T
1:1126232-C/G
1:1126832-C/T
1:1127338-C/T
1:1127685-T/C
1:1127747-C/T
1:1128637-GT/GTT,G
1:1129635-A/G
1:1130037-CTTTT/CTTT,CTTTTT,C,CT,CTTTTTT,CTT
1:1130504-CTTT/CT,CTTTT,CTT,C
1:1130761-TA/T,TAA
1:1130980-T/C
1:1131559-T/C
1:1132109-T/G
1:1132253-A/G
1:1133974-G/C
1:1134720-G/C
1:1134841-T/C
1:1135320-AG/A
1:1135377-C/CCT
1:1136808-G/C
1:1137605-T/C
1:1138547-G/A
1:1139095-G/A
1:1139436-A/T
1:1140150-T/G
1:1140982-CT/CTT,C
1:1141265-A/G
1:1141691-G/A
1:1142630-G/A
1:1142862-G/A
1:1143502-T/C
1:1143560-G/A
1:1144916-A/G
1:1146063-A/G
1:1146666-GC/G
1:1146852-C/G
1:1147734-C/A
1:1148046-C/A
1:1149084-A/T
1:1149891-C/T
1:1150437-T/C
1:1150821-G/A
1:1151660-G/A
1:1152597-A/G
1:1153102-C/T
1:1154078-T/C
1:1155062-G/A
1:1155494-A/G
1:1155957-G/A
1:1156405-G/C
1:1156532-G/A
1:1157520-A/ATG
1:1157720-C/T
1:1157994-T/C
1:1158575-CAA/C,CA,CAAAAA,CAAA,CAAAAAA,CAAAA
1:1159023-G/A
1:1159908-G/A
1:1160894-C/T
1:1162123-T/C
1:1162562-A/G
1:1163312-T/C
1:1164193-C/G
1:1164837-G/A
1:1165102-T/C
1:1165492-C/G,*
1:1166457-A/G,*
1:1167024-G/A
1:1167484-C/T
1:1168104-A/G
1:1169433-G/A
1:1170381-T/TC
1:1171015-G/A
1:1171697-G/A
1:1173176-G/C
1:1174120-C/T
1:1175070-C/T
1:1175624-T/A
1:1176023-A/T
1:1176151-AT/A,TT,ATT,*
1:1177047-T/C,TA
1:1177426-TC/T,*
1:1177532-CT/C,CTT,TT
1:1178441-C/T
1:1179802-T/C
1:1180040-G/A
1:1181064-G/A
1:1182068-T/C
1:1182682-A/G
1:1183176-T/C
1:1183737-C/CTA
1:1184098-T/C
1:1184257-T/A
1:1184449-C/G
1:1184873-G/A
1:1185425-T/C,G
1:1187496-T/C
1:1188570-G/A
1:1189528-T/C
1:1189997-A/C
1:1190967-G/A
1:1191504-CA/CAA,C
1:1191520-C/A
1:1191608-G/A
1:1191841-C/T
1:1192247-G/C
1:1193235-CT/C
1:1193513-CTTT/CTT,CTTTT,CTTTTT,C,CT
1:1194134-GAAAA/GAAAAA,GAA,GAAA,G
1:1194203-A/*,G
1:1194946-T/C
1:1195584-G/C
1:1196001-A/G
1:1196182-G/C
1:1196608-C/T
1:1198445-A/T
1:1198960-A/G
1:1199523-G/GT
1:1200443-G/C
1:1200959-T/G
1:1201705-T/C
1:1202787-G/C
1:1202989-T/C
1:1203299-C/A
1:1203628-C/A
1:1204589-A/G
1:1205043-G/T
1:1205810-A/G
1:1206429-C/T
1:1207059-CTT/C,CT,CTTT
1:1208001-A/G
1:1208662-CAA/C
1:1208783-A/*,G
1:1209211-G/A
1:1210549-G/A
1:1210602-A/G
1:1211377-A/G
1:1212302-C/T
1:1212834-T/C
1:1213654-T/C
1:1214272-T/G
1:1214904-ACTTCCCTTCCCTTCC/ACTTCC,ACTTCCCTTCC,ACTTCCCTTCCCTTCCCTTCC,*,A
1:1215151-C/*,A
1:1216022-C/G
1:1216608-G/A
1:1217476-T/G
1:1217908-A/T
1:1219134-C/T
1:1219922-T/G
1:1220123-C/T
1:1221041-G/A
1:1222812-T/C
1:1223450-C/T
1:1224089-A/G
1:1224849-G/A
1:1224953-C/T
1:1225752-CTAA/CA,C
1:1225977-A/C,*
1:1226633-G/A
1:1227544-G/A
1:1228511-C/T
1:1228913-C/T
1:1229077-G/A
1:1229138-G/A
1:1229465-G/A
1:1230617-CA/C,CAAAAA,CAA,CAAA,CAAAA
1:1231546-A/*,C
1:1232341-G/A
1:1232776-C/T
1:1234144-T/G
1:1234538-T/C
1:1234988-T/G
1:1235569-C/T
1:1235827-T/C
1:1236687-C/T
1:1236823-T/C
1:1237279-G/A
1:1237626-G/C
1:1238854-A/G
1:1239309-C/T
1:1239621-T/C
1:1239631-T/C
1:1240192-C/G
1:1240533-G/A
1:1241513-A/G
1:1241695-C/T
1:1242417-A/G
1:1242595-C/G
1:1243364-T/TC
1:1243671-G/A
1:1244349-T/C
1:1244488-A/G
1:1244598-C/T
1:1245143-A/G
1:1245928-C/G
1:1246623-CTTTTCTTT/CTT,C,CT
1:1247276-TTTC/ATTC,*
1:1247652-CTTTTTTTTTT/CTTTTTTTTT,CTTTTTTTTTTT,CTTTTTTT,CTTTTTTTT,CTTTTTT,*
1:1248865-G/GC,GCC
1:1248900-C/T
1:1249269-ATTT/ATTTT,AT,ATT,A
1:1250385-T/A
1:1250997-CTTTTTTTT/CTTTTTT,CTTTTTTT,CTTTTTTTTT,CTTTTT,C
1:1251242-TAA/TAAA,TAAAA,TA,T,AAA
1:1251327-CAA/CA,CAAA,C,CAAAA
1:1251489-AAATAATAATAAT/AAATAAT,AAAT,AAATAATAATAATAAT,A
1:1251785-T/*,A
1:1252778-T/C
1:1253472-CAAAAA/CA,CAAA,CAAAA,CAAAAAA,CAA,C
1:1254146-A/*,C
1:1254772-C/G,T
1:1255770-A/G
1:1255818-A/G
1:1257039-CAG/C
1:1257980-G/A
1:1258559-GTT/GT,GTTT,G
1:1259397-CAAAAA/CAAAAAA,CAAAAAAA,CAAAA,CAAA,CAA,C
1:1260010-CA/CAA,C
1:1260745-CT/CTTT,CTTTT,C,CTTTTT,CTT,CTCTT
1:1261638-CAAA/CAA,CAAAA,CAAAAA,CA,C,CAAAAAA
1:1261659-CTTAAAA/C
1:1261959-CAAA/CAAAA,CAA,CA,C
1:1262631-C/T
1:1263132-C/T
1:1263265-G/A
1:1264956-A/G
1:1265667-CA/CAA,C
1:1265741-C/T
1:1266861-TAAA/TAA,TAAAA,TAAAAA,TA,T
1:1267752-A/T,*
1:1268556-C/G
1:1269931-GAAA/GAAAA,GAA,GAAAAA,CAAA,GA,G
1:1270433-CAAA/CAA,CAAAA,CA,C
1:1270687-AT/ATTT,ATTTT,A,ATT
1:1270758-G/A
1:1271392-C/T
1:1271680-G/T
1:1272204-ATT/AT,ATTT,A
1:1273610-A/C
1:1274570-T/C
1:1274922-G/A
1:1275046-A/C,T
1:1275063-C/T
1:1275879-C/CTTCTCCGCGAATATGCTCGCCATTGTGGATGGCGTGCCGCGTACCCTGTCCCTGGATGCGTTTGTGCGTCACTGGGTGGACCACCAGATGGACGTTATCGTTCGTCGTACCCGTTA,CTTCTCCGCAAACATGCTCGCCATTGTTGATGGCGTGCCGCGCACCCTGTCCCTGGACGCGTTTGTGCGTCACTGGGTGGATCACCAGATGGACGTTATCGTTCGTCGTACCCGTTA
1:1276284-T/G
1:1277234-G/A
1:1277895-C/T
1:1278642-T/G
1:1279105-CAAA/CAAAA,CA,CAA,CAAAAA,C,CAAAAAA
1:1279180-GT/GTTT,GTTTT,GTT,G,GTTTTT,GGTT
1:1279589-G/C
1:1279986-GT/G,GTTTT,GTTTTT
1:1280051-T/C
1:1281044-CTTT/CT,CTTTT,CTTTTTTTTTTTT,CTT,CTTTTT,C
1:1281254-T/C,*
1:1281820-GT/GTT,GTTT,G
1:1282689-G/A
1:1283501-G/C
1:1284096-C/G
1:1285057-G/C
1:1285439-CT/C,CTT,CTTT
1:1286043-T/C
1:1286904-C/T
1:1287779-TATCAATCA/TATCA,T,TATCAATCAATCA,*
1:1288633-C/T
1:1289138-A/G
1:1290074-ACC/ACCC,AC,ACCCC,A,ACCCCC
1:1290406-C/T
1:1290423-CAGTCTCAACAGCTATAGT/C
1:1290938-A/C
1:1291765-G/C
1:1292687-CG/CGGG,CGG,CGGGG,C
1:1293079-T/C
1:1293502-TACACAC/TACAC,TACACACACAC,TAC,TACACACAC,T
1:1293657-A/C
1:1294944-C/T
1:1295189-G/GC
1:1296023-A/G
1:1296454-A/G
1:1296741-A/C
1:1297546-C/A,T
1:1298435-G/A
1:1298876-T/C
1:1299505-G/A
1:1300506-G/GCC
1:1301152-G/A
1:1301497-G/T
1:1301673-A/G
1:1302520-T/C
1:1302896-G/A
1:1303230-A/G
1:1303740-A/G
1:1304503-A/G
1:1305795-C/G
1:1306773-C/T
1:1306885-A/G
1:1307813-G/A
1:1308176-C/T
1:1308707-A/G
1:1309140-C/T
1:1310076-AT/A,ATT
1:1310908-T/C
1:1311426-A/G
1:1312159-CTT/C,CTTT,CT
1:1312731-G/C
1:1313431-C/T
1:1313571-CT/C,CTT
1:1314573-A/G
1:1314932-T/C
1:1315582-G/A
1:1316176-T/A
1:1316793-G/A
1:1317004-A/G
1:1317330-C/G
1:1318172-CT/C,CTT,TT,CCTTT
1:1319167-A/G
1:1319861-C/G
1:1320998-G/A
1:1321664-G/T
1:1322055-T/C
1:1323007-A/G
1:1324369-G/A
1:1324626-C/G
1:1324971-A/G
1:1325211-TA/T
1:1325595-C/T
1:1325915-G/C
1:1326587-G/A
1:1327419-C/T
1:1328296-AGTGTGTGTGTGTGTGT/A,AGTGTGTGTGTGTGTGTGTGT
1:1329254-T/C
1:1329714-G/GA
1:1330624-AT/A
1:1330954-A/G
1:1331663-C/T
1:1331780-C/G
1:1331920-C/T
1:1332917-C/A
1:1333116-A/G
1:1334121-TGAG/T
1:1335032-G/A
1:1335659-TACCACCACCACC/TACCACCACCACCACC,TACCACCACC,T
1:1336454-T/A
1:1336509-T/C
1:1337604-G/GT,GTT
1:1338006-G/A
1:1338265-A/G
1:1338356-T/C
1:1338523-G/C
1:1339117-C/T
1:1339375-G/A
1:1339484-T/C
1:1340422-CGTT/CTT,CT,C
1:1340881-GTTT/GTT,GTTTT,ATTT,*
1:1341231-T/A,*
1:1341542-T/C
1:1342119-TAA/TA,TAAA,T
1:1342249-A/G
1:1343104-C/T
1:1343445-C/T
1:1344782-T/C
1:1346174-TTATATATATATATATATATATA/TTATATATATATATATATATA,TTATATATATATATATATA,TTATATATATA,TTA,TTATATATATATATATA,T
1:1347501-A/T,*
1:1348482-T/C,*,G
1:1349290-T/C,*
1:1350285-T/C,*
1:1350844-T/C
1:1351664-TATATATATATAC/CATATATATATAC,*
1:1352655-TACATAC/TATAC,CACATAC,T,*
1:1353627-TACATATATATAC/CACATATATATAC,TATATATATAC,T,*
1:1354509-TATAC/T,*
1:1354969-TAC/T,*
1:1355074-CATATATATACAT/CATATATATATACAT,TATATATATACAT,*,C
1:1355446-C/T
1:1355927-A/T
1:1355938-T/G
1:1356185-A/G
1:1356236-G/T
1:1356381-T/C
1:1357320-C/T
1:1357854-T/C
1:1358388-AAC/CAC,*
1:1359244-A/AGAT
1:1359258-T/C
1:1361525-T/C
1:1361854-C/G
1:1362047-A/G
1:1363153-G/A
1:1363794-CAA/CA,CAAA,C
1:1364541-A/G
1:1366005-G/T
1:1366290-C/A
1:1367077-C/G
1:1367766-C/T
1:1368506-C/A
1:1369911-A/C,AC
1:1370321-C/T
1:1370752-G/A
1:1370959-G/C
1:1370993-C/G,T
1:1371070-C/G
1:1371845-C/A
1:1372730-C/T
1:1373467-A/G
1:1374723-T/C
1:1375323-G/C
1:1375765-A/C
1:1376023-CTTT/CTT,CTTTT,CT,C
1:1376993-GCACACACA/GCACACACACACA,GCACACACACA,GCACACA,GCACACACACACACA,GCACACACACACACACA,G
1:1377206-C/*,A
1:1378082-AC/*,A
1:1378432-T/G
1:1378629-GAAA/GA,GAA,GAAAA,G
1:1379870-C/G
1:1380051-TA/T,TAA
1:1380238-C/A
1:1380348-T/G
1:1381156-G/A
1:1382163-C/A
1:1383090-CAG/C
1:1383849-A/G
1:1385056-G/T
1:1385932-G/C
1:1386167-G/A
1:1386623-G/T
1:1387386-TAA/TA,TAAA,TAAAA,TAAAAA,T,TAAAAAAA
1:1387717-A/*,T
1:1388483-A/*,T
1:1389685-CAA/CA,CAAA,C
1:1389773-CA/C,CAA
1:1390687-TGA/CGA,T
1:1390971-CTTTT/CTTT,CTT,CT,C
1:1391624-G/A
1:1391857-C/G
1:1392845-G/A
1:1393300-C/A
1:1393974-A/G
1:1395014-G/C,A
1:1395661-T/C
1:1396202-C/T
1:1396841-C/T
1:1398522-TTTCA/T
1:1398570-CTTATG/C
1:1398643-A/G
1:1398833-C/G,T
1:1399695-TAA/TA,T
1:1399730-C/CA,CAA
1:1400237-T/C
1:1400414-C/T
1:1400673-CTTTT/CTT,CTTT,CT,CTTTTT,C
1:1401573-T/*,C
1:1401914-G/A
1:1402585-CTTTT/CTTT,CT,CTTTTT,CTT,C
1:1403919-T/C
1:1404138-T/G
1:1405137-G/A
1:1405564-CT/CTT,C
1:1406543-CATATATATATATATATATAT/C,CAT,CATATATATAT,CATATATAT,CATAT,CATATATATATATATAT
1:1406949-ATATATATATAT/*,A
1:1407256-AT/*,A
1:1407888-T/*,A
1:1407985-AT/*,A
1:1408573-T/*,A
1:1409177-ATATATATATAT/*,A
1:1409675-AT/*,A
1:1409984-TA/TAA,T
1:1410874-G/A
1:1411391-C/T
1:1412292-G/A
1:1413185-C/T
1:1413910-CAA/C
1:1414191-C/G
1:1415187-GA/G
1:1415804-C/A
1:1416173-T/C
1:1416873-GAA/GA,G
1:1417240-C/A
1:1417772-A/C
1:1418755-AT/ATT,ATTT,A
1:1418869-GAA/GA,GAAA,GAAAA,G
1:1418973-C/A
1:1419834-T/C
1:1420753-G/A
1:1420966-G/T
1:1421754-C/CA
1:1422249-C/T
1:1423203-G/C
1:1423239-CAAAAAAA/CAAAAAA,CAAAAAAAA,C,CAAAAA
1:1423275-G/A
1:1423626-T/C
1:1424234-C/T
1:1424321-C/T
1:1424705-C/T
1:1425656-C/T
1:1425782-G/A
1:1426741-A/G
1:1427680-CA/C,CAA
1:1428356-T/A
1:1429340-C/T
1:1431020-C/T
1:1431262-T/G
1:1431282-T/C
1:1431738-T/C
1:1432055-C/CAACA
1:1432305-A/C
1:1433256-A/C
1:1434056-A/G
1:1434803-G/A
1:1435894-A/G
1:1436530-T/A
1:1436747-A/G
1:1437300-C/T,G
1:1437828-C/G
1:1437843-G/A
1:1438667-T/C
1:1439233-C/T,*
1:1439510-CAA/CA,CAAA,C
1:1440971-T/C
1:1441601-T/C
1:1441827-CTTT/CTTTT,CTT,CT,C,CTTTTT
1:1442405-T/*,C
1:1443160-CTTTTTTTTT/CTTTTTTTTTT,CTTTTTTTTTTT,CTTTTTTT,CTTTTTTTT,C
1:1443879-CTTTTT/CTTTTTT,CTTTTTTT,CTTTTTTTT,CTTTT,CTTT,C
1:1444779-T/C
1:1445227-G/A
1:1445915-C/G
1:1446619-T/G
1:1446739-C/CAT
1:1447063-A/AAG,*
1:1447502-A/G
1:1447978-A/T
1:1448396-C/G
1:1448697-G/C
1:1449689-T/A
1:1450548-C/CTTTG
1:1451491-G/C
1:1451845-G/A
1:1452545-A/G
1:1453460-G/A
1:1454091-T/A
1:1454192-G/A
1:1454753-A/C,AC,AAC
1:1454767-C/T
1:1454996-G/A
1:1455490-G/A
1:1456344-G/A
1:1456564-A/G
1:1457497-C/T
1:1457518-G/C
1:1457788-G/A
1:1459825-G/T,C
1:1460018-A/C
1:1460939-G/A
1:1461810-G/GGTCTTC
1:1461864-C/G
1:1462374-CTTT/CTTTT,CTT,CTTTTT,C
1:1462607-C/T
1:1462892-G/GTA
1:1463474-GTATATATA/GTATA,GTATATA,GTA,G
1:1463889-A/G,*
1:1464627-A/G,*
1:1465393-A/G,*
1:1466072-A/G
1:1467382-TATATATACATAC/TATAC,T,*
1:1468225-ATACT/TTACT,*
1:1469016-TAC/T,*
1:1469931-CT/CTT,C,CTTTT,CTTT
1:1470118-A/G
1:1470415-G/C
1:1471053-CTTTTTTTTTTTT/CTTTTTTTTTTTTTT,CTTTTTTTTT,CTTTTTTTTTTT,CTTTTTTTTTTTTT,CTTTTTTTTTT,CTTTTTTTTTTTTTTT,C
1:1472042-T/TC,*
1:1472884-C/T
1:1473889-A/G
1:1473950-A/C
1:1474268-TAATC/T
1:1474797-T/C
1:1474883-G/A
1:1476491-C/G,A
1:1476612-C/A
1:1477154-C/G
1:1478099-T/C
1:1479556-T/C
1:1479844-T/C
1:1479947-C/T
1:1480699-T/C
1:1481301-A/G
1:1481873-A/C
1:1482329-C/T
1:1482684-C/G
1:1482982-C/G
1:1483251-T/C
1:1483665-A/G
1:1484334-A/T
1:1485235-C/T
1:1485937-G/C
1:1486706-T/C
1:1487434-GTATATA/GTA,GTATA,G,GTATATATA,GTATATATATATA
1:1488126-ATATATATATATATATATATATATGTG/GTATATATATATATATATATATATGTG,*
1:1489065-TATATGTGTATATATATATATA/T,TTA,TTATGTGTATATATATATATA,*
1:1489202-TATGTGTATATATATATATA/T,*
1:1489710-A/T,*
1:1490160-ATATT/TTATT,*
1:1490234-G/T
1:1490547-A/G
1:1491328-G/T
1:1492272-A/G
1:1493253-T/C
1:1493266-TGTGTGTGTGTGTGTGTGTGTGTGTGTGTG/TTGTGTGTGTGTGTGTGTGTGTGTGTGTG,*
1:1493705-TGTGTGTGTGTGTGTGTGTGTGTGTGTG/T,*
1:1493832-TG/T,*
1:1494813-TGTGTGTGTGTGTGTGTGTGTGTG/T,*
1:1495471-TGTGTGTGTGTGTGTGTGTGTG/TTGTGTGTGTGTGTGTGTGTG,*
1:1496421-TGTGTGTGTGTGTGTGTGTG/T,TTGTGTGTGTGTGTGTGTG,TTG,*
1:1496935-TGTGTGTGTGTGTGTGTG/TTGTGTGTGTGTGTGTG,T,*
1:1497251-TGTGTGTGTGTGTGTG/TTGTGTGTGTGTGTG,T,TTG,*
1:1497677-TGTGTGTGTGTGTG/T,TTGTGTGTGTGTG,TTGTGTG,TTG,*
1:1498084-TGTGTGTGTGTG/T,TTGTGTGTGTG,TTGTG,TTG,*,TTGTGTG
1:1498922-TGTGTGTGTG/TTGTGTGTG,T,TTGTG,TTGTGTG,TTG,*
1:1499503-TGTGTGTG/T,TTGTGTG,TTGTG,TTG,*
1:1499758-GTGTGTGTT/TTGTGTGTT,*
1:1500148-TGTGTG/T,TTG,TTGTG,*
1:1500644-G/T,*
1:1500738-TGTG/TTG,T,*
1:1502470-TG/T,*
1:1502538-G/T,GTT,GTGTT,*,GTGTGTT
1:1503284-C/T
1:1503599-G/C
1:1504044-A/G
1:1504720-C/T
1:1505243-T/C
1:1506388-G/A
1:1506961-T/C
1:1507051-C/G
1:1507473-A/T
1:1508450-T/C
1:1509133-C/G
1:1510107-G/A
1:1510992-G/A
1:1511946-C/G
1:1513506-TTGTGTGTG/TTGTGTG,TTGTGTGTGTG,TTGTGTGTGTGTGTG,TTGTGTGTGTGTGTGTG,TTGTGTGTGTGTG,T
1:1513832-G/GTA,GTGTA,GTGTGTA,GTGTGTGTA,GTGTGTGTGTA,A
1:1514830-C/T
1:1515495-G/T
1:1516058-A/G
1:1516782-A/C
1:1517788-C/T
1:1518258-C/G
1:1518858-C/A
1:1519555-C/T
1:1521181-T/C
1:1521406-G/A
1:1522124-G/T
1:1522256-C/A
1:1522748-T/C
1:1523171-T/C
1:1523850-G/T
1:1524294-C/A
1:1524560-G/C
1:1524618-A/AT,G
1:1525448-TCCTGC/T
1:1526240-G/T
1:1527090-G/T
1:1527190-TCTCC/T
1:1527480-A/AATGATAC
1:1527601-GTCTA/G
1:1527945-A/ACCACCG
1:1528464-C/G
1:1529013-T/C
1:1529273-C/T
1:1529763-G/A
1:1530246-T/G
1:1531142-G/A
1:1531478-T/G
1:1531806-C/A
1:1532338-GA/G
1:1533172-C/T
1:1534058-G/A
1:1535003-C/A
1:1535765-T/G
1:1535864-A/T
1:1537366-A/C
1:1538130-C/T
1:1538781-C/T
