1:1253472-CAAAAA/CA,CAAA,CAAAA,CAAAAAA,CAA,C
1:1277895-C/T
1:1418869-GAA/GA,GAAA,GAAAA,G
1:1525448-TCCTGC/T
1:1526240-G/T
1:1527090-G/T
1:1527601-GTCTA/G
