chr1:1000269-A/<DEL>
chr1:1000454-A/<DEL>
chr1:1001215-A/<DEL>
chr1:1004020-G/<DEL>
chr1:1006158-C/<DEL>
chr1:1007370-G/<DEL>
chr1:1009674-A/<INV>
chr1:1012508-C/<DEL>
chr1:1014030-G/<DEL>
chr1:1014723-A/<DEL>
chr1:1015373-C/<DEL>
chr1:1017400-T/<INV>
chr1:1017500-A/<DEL>
chr1:1022912-GTTTCATAAGGGTCGAGAAATTGTTAAAACCTTTGCCACATTCTTCACATTTGTACGGTTTCTCCCCAGTATGAATTATCTTATGT/GG
chr1:1024871-C/<INV>
chr1:1025100-T/<DEL>
chr1:1025440-G/<DEL>
chr1:1026742-GCCCATCCGGAGGGTCTTCCAGAGCCTCAGCCTGGCCGTGGACGGCCTCATGGAGATGGCCCTGGACTCCAGCAGGCAGGTGAGGCCCAGGCTCCCGGGGTCCTGTGGAGATGTGAACAACTGAGTAGCTGATGATGCCACACGAGCCTGGTGGATGCCGGTGCCAACGACGCTCGCACGGGTTTCTCCCCAAGGAGGAGGCTTTTCTGAACCAGATCTTTGAGGAAGTGGGCTTGCTACGAATGAGAGAATCTGTTTGTTTAATTTGGATAATAAACAGGCCCATTTTCTTTACTTCATGCACTGTTGCAATTCCATGTGGAGTGTTTTCATATTTAGAGATTATCACTAAGAAAGGAAATTTTTTGTAACCGTTTTAGAACATTTTAGACAATTAAAAAAGACATTAAGTAGGAATACACGGAAAGCAATCAAAGATCTTTTTTTCAGCCAGGCACAGCGGCTCACTCCTGCAGTCCCAGCACTTTGGGAGGCTAAGGTAGGAGGTTCACTTCAGCCTACTTCAGCCCACGAGCTCATCTTGTAGCTCTGGCGCTGGAGGAGATGTGGTCTGATGTGGCCCTCCCGGAGTTGGACAGAACTTTGTCTGAATGTGCAGAGATGTCTTCCGTGGCTGAAATTAGCAGCCACATGTGTGAAAGCTTTCTCATGAGCCCAGAAAGTGTACGGGAGTGTGAGCAA/G
chr1:1027180-T/<INV>
chr1:1029594-C/<DUP:TANDEM>
