1:20-C/A
1:40-C/T
1:50-C/T
1:100-T/C
1:110-C/G
1:140-C/T
