1:1041853-G/C
1:1046621-A/C
1:1068014-C/T
1:1070144-G/T
1:1073365-G/T
1:1082113-G/GACAATTGCTCGTAAACAGGTGGATGATGGTGCGTTGGTATTGGATATCAATATGGACGATGGTCTGTTGGAGGCAAAAGATGAGATGGTTCATTT
1:1127747-C/T
1:1150821-G/A
1:1162123-T/C
1:1163312-T/C
1:1164193-C/G
1:1167484-C/T
1:1168104-A/G
1:1171697-G/A
1:1198960-A/G
1:1201142-T/C
1:1201887-A/G
1:1205043-G/T
1:1206429-C/T
1:1208001-A/G
1:1214272-T/G
1:1237132-G/A
1:1239621-T/C
1:1239631-T/C
1:1240192-C/G
1:1241695-C/T
1:1242417-A/G
1:1248900-C/T
1:1249874-G/A
1:1254772-C/G,T
1:1277895-C/T
1:1279061-G/A
1:1285057-G/C
1:1285512-C/A
1:1320626-G/T
1:1322055-T/C
1:1329254-T/C
1:1338356-T/C
1:1338523-G/C
1:1339375-G/A
1:1365072-T/C
1:1371070-C/G
1:1381987-G/A
1:1386167-G/A
1:1400414-C/T
1:1420966-G/T
1:1435894-A/G
1:1481873-A/C
1:1507920-C/G
1:1511946-C/G
1:1527480-A/AATGATAC
1:1527601-GTCTA/G
1:1527945-A/ACCACCG
1:1530246-T/G
