chr1:1026435-G/T
chr1:1026742-GCCCATCCGGAGGGTCTTCCAGAGCCTCAGCCTGGCCGTGGACGGCCTCATGGAGATGGCCCTGGACTCCAGCAGGCAGGTGAGGCCCAGGCTCCCGGGGTCCTGTGGAGATGTGAACAACTGAGTAGCTGATGATGCCACACGAGCCTGGTGGATGCCGGTGCCAACGACGCTCGCACGGGTTTCTCCCCAAGGAGGAGGCTTTTCTGAACCAGATCTTTGAGGAAGTGGGCTTGCTACGAATGAGAGAATCTGTTTGTTTAATTTGGATAATAAACAGGCCCATTTTCTTTACTTCATGCACTGTTGCAATTCCATGTGGAGTGTTTTCATATTTAGAGATTATCACTAAGAAAGGAAATTTTTTGTAACCGTTTTAGAACATTTTAGACAATTAAAAAAGACATTAAGTAGGAATACACGGAAAGCAATCAAAGATCTTTTTTTCAGCCAGGCACAGCGGCTCACTCCTGCAGTCCCAGCACTTTGGGAGGCTAAGGTAGGAGGTTCACTTCAGCCTACTTCAGCCCACGAGCTCATCTTGTAGCTCTGGCGCTGGAGGAGATGTGGTCTGATGTGGCCCTCCCGGAGTTGGACAGAACTTTGTCTGAATGTGCAGAGATGTCTTCCGTGGCTGAAATTAGCAGCCACATGTGTGAAAGCTTTCTCATGAGCCCAGAAAGTGTACGGGAGTGTGAGCAA/G
