1:1010169-A/ATT,ATTT,ATTTT,AT
1:1013181-TAA/TA,TAAA,T
1:1018290-GAAAAAAAAAAAAAA/GAAAAAA,GAAAAAAAAAAA,GAAAAAAAAAAAA,G,GAAAAAAAAAAAAA,GAAAAA
1:1018549-A/*,G
1:1019258-A/*,G
1:1020230-TAAA/TA,TAA,TAAAA,T,TAAAAA
1:1021139-A/*,T
1:1022683-CA/CAA,C,CAAA
1:1024284-CT/CTT,C
1:1025123-CAAAAAA/CAAAAAAA,CAAAA,CAAAAAAAA,CAAAAA,C
1:1038057-CAAAAAAA/C,CAAAAAAAAAA,CAAAAAAAA,CAAAAAAAAA,CAAAAAAAAAAA,CA,CAAAAAAAAAAAAAAAAAAAAAAAA,CAAAAAAAAAAAAAAAAAAAA,CAAAAAAAAAAAAAAAAAAAAA
1:1048831-ATTT/AT,ATT,ATTTT,ATTTTT,A
1:1049000-T/*,C
1:1049040-T/*,TG
1:1059730-CAAA/CAA,CAAAA,C,CA
1:1060740-CTT/C,CT,CTTT,CTTTT
1:1061926-CT/CTT,C
1:1062523-CTTT/CT,CTTTT,CTT,C
1:1063425-CTT/CTTT,CT,C
1:1064855-CAA/CA,CAAA,C,CAAAA
1:1065407-AT/ATT,A
1:1067887-T/TTTCTTCTTC,TTTCTTCTTCTTCTTC,TTTCTTC,TTTC
1:1069244-CTTTT/CT,C,CTTT,CTTTTT,CTT
1:1070002-T/*,C
1:1070020-T/*,C
1:1073512-CTTT/CTT,CTTTT,CTTTTT,CT,C
1:1073724-AAAATAAATAAATAAAT/AAAATAAAT,AAAATAAATAAATAAATAAAT,AAAATAAATAAATAAATAAATAAAT,AAAATAAATAAAT,A,AAAATAAATAAATAAATAAATAAATAAAT
1:1074696-A/T,C
1:1074909-CAA/CAAA,CA,C
1:1074943-CAA/CA,CAAA,C
1:1076062-TA/T,TAA
1:1076236-CTT/CT,CTTT,C
1:1077003-CAAAAAAAAAAAAA/CAAAAAAAAAAAA,CAAAAAAAAAAAAAA,CAAAAAAAAAAA,CAAAAAAAAAA,CAAAAAAAAA,C
1:1078658-CA/C,CAA
1:1079908-CTT/CT,C,CTTT
1:1080781-TA/T,TAA
1:1084364-CAA/CAAA,CAAAA,C,CA
1:1085844-CTTTTTT/CTTTT,CTTTTT,CTTTTTTT,CTTTTTTTTT,CTTTTTTTT,C
1:1087635-TA/T,TAA
1:1088630-CAAA/CAA,CA,CAAAA,C
1:1091155-CT/C,CTT
1:1091827-TA/TAA,T,TAAA
1:1091972-CAAA/CAAAA,CAAAAA,C,CAA,CA,CAAAAAA
1:1092164-A/C,AC,AAC
1:1093114-AT/ATT,ATTT,A
1:1098959-T/G,C
1:1101232-G/GAAAAAAAAA,GAAAAAAAAAA,GAAAAAAAAAAA,GAAAAAAAA
1:1103535-GGGGAGACA/G,GGGGAGACAGGGAGACA
1:1104181-GTATA/GTA,G
1:1104747-GTATATATATA/GTATATATA,GTATATA,GTA,GTATA,GTATATATATATA,G
1:1108972-TAC/CAC,T
1:1110441-CT/CTT,C
1:1115946-TTATATA/T,TTATATATA,TTATA,ATATATA,TTA
1:1116657-ATTT/AT,TTTT,ATTTT,A,ATT
1:1116834-T/A,TA,*
1:1118813-TAA/TA,TAAA,T
1:1119912-CAA/CAAA,CAAAA,CA,C,CAAAAA
1:1121280-CTT/CT,CTTT,C,CTTTT
1:1122382-TTCTC/TTC,TTCTCTC,T,TTCTCTCTC
1:1123204-ATGTGTG/ATGTGTGTG,ATGTG,ATG,*
1:1123967-CT/CTT,C,CTTT
1:1128637-GT/GTT,G
1:1130037-CTTTT/CTTT,CTTTTT,C,CT,CTTTTTT,CTT
1:1130504-CTTT/CT,CTTTT,CTT,C
1:1130761-TA/T,TAA
1:1140982-CT/CTT,C
1:1158575-CAA/C,CA,CAAAAA,CAAA,CAAAAAA,CAAAA
1:1176151-AT/A,TT,ATT,*
1:1177047-T/C,TA
1:1177532-CT/C,CTT,TT
1:1185425-T/C,G
1:1191504-CA/CAA,C
1:1193513-CTTT/CTT,CTTTT,CTTTTT,C,CT
1:1194134-GAAAA/GAAAAA,GAA,GAAA,G
1:1194203-A/*,G
1:1207059-CTT/C,CT,CTTT
1:1208783-A/*,G
1:1214904-ACTTCCCTTCCCTTCC/ACTTCC,ACTTCCCTTCC,ACTTCCCTTCCCTTCCCTTCC,*,A
1:1215151-C/*,A
1:1225752-CTAA/CA,C
1:1230617-CA/C,CAAAAA,CAA,CAAA,CAAAA
1:1231546-A/*,C
1:1246623-CTTTTCTTT/CTT,C,CT
1:1247652-CTTTTTTTTTT/CTTTTTTTTT,CTTTTTTTTTTT,CTTTTTTT,CTTTTTTTT,CTTTTTT,*
1:1248865-G/GC,GCC
1:1249269-ATTT/ATTTT,AT,ATT,A
1:1250997-CTTTTTTTT/CTTTTTT,CTTTTTTT,CTTTTTTTTT,CTTTTT,C
1:1251242-TAA/TAAA,TAAAA,TA,T,AAA
1:1251327-CAA/CA,CAAA,C,CAAAA
1:1251489-AAATAATAATAAT/AAATAAT,AAAT,AAATAATAATAATAAT,A
1:1251785-T/*,A
1:1253472-CAAAAA/CA,CAAA,CAAAA,CAAAAAA,CAA,C
1:1254146-A/*,C
1:1254772-C/G,T
1:1258559-GTT/GT,GTTT,G
1:1259397-CAAAAA/CAAAAAA,CAAAAAAA,CAAAA,CAAA,CAA,C
1:1260010-CA/CAA,C
1:1260745-CT/CTTT,CTTTT,C,CTTTTT,CTT,CTCTT
1:1261638-CAAA/CAA,CAAAA,CAAAAA,CA,C,CAAAAAA
1:1261959-CAAA/CAAAA,CAA,CA,C
1:1265667-CA/CAA,C
1:1266861-TAAA/TAA,TAAAA,TAAAAA,TA,T
1:1269931-GAAA/GAAAA,GAA,GAAAAA,CAAA,GA,G
1:1270433-CAAA/CAA,CAAAA,CA,C
1:1270687-AT/ATTT,ATTTT,A,ATT
1:1272204-ATT/AT,ATTT,A
1:1275046-A/C,T
1:1275879-C/CTTCTCCGCGAATATGCTCGCCATTGTGGATGGCGTGCCGCGTACCCTGTCCCTGGATGCGTTTGTGCGTCACTGGGTGGACCACCAGATGGACGTTATCGTTCGTCGTACCCGTTA,CTTCTCCGCAAACATGCTCGCCATTGTTGATGGCGTGCCGCGCACCCTGTCCCTGGACGCGTTTGTGCGTCACTGGGTGGATCACCAGATGGACGTTATCGTTCGTCGTACCCGTTA
1:1279105-CAAA/CAAAA,CA,CAA,CAAAAA,C,CAAAAAA
1:1279180-GT/GTTT,GTTTT,GTT,G,GTTTTT,GGTT
1:1279986-GT/G,GTTTT,GTTTTT
1:1281044-CTTT/CT,CTTTT,CTTTTTTTTTTTT,CTT,CTTTTT,C
1:1281820-GT/GTT,GTTT,G
1:1285439-CT/C,CTT,CTTT
1:1287779-TATCAATCA/TATCA,T,TATCAATCAATCA,*
1:1290074-ACC/ACCC,AC,ACCCC,A,ACCCCC
1:1292687-CG/CGGG,CGG,CGGGG,C
1:1293502-TACACAC/TACAC,TACACACACAC,TAC,TACACACAC,T
1:1297546-C/A,T
1:1310076-AT/A,ATT
1:1312159-CTT/C,CTTT,CT
1:1313571-CT/C,CTT
1:1318172-CT/C,CTT,TT,CCTTT
1:1328296-AGTGTGTGTGTGTGTGT/A,AGTGTGTGTGTGTGTGTGTGT
1:1335659-TACCACCACCACC/TACCACCACCACCACC,TACCACCACC,T
1:1337604-G/GT,GTT
1:1340422-CGTT/CTT,CT,C
1:1340881-GTTT/GTT,GTTTT,ATTT,*
1:1342119-TAA/TA,TAAA,T
1:1346174-TTATATATATATATATATATATA/TTATATATATATATATATATA,TTATATATATATATATATA,TTATATATATA,TTA,TTATATATATATATATA,T
1:1348482-T/C,*,G
1:1352655-TACATAC/TATAC,CACATAC,T,*
1:1353627-TACATATATATAC/CACATATATATAC,TATATATATAC,T,*
1:1355074-CATATATATACAT/CATATATATATACAT,TATATATATACAT,*,C
1:1363794-CAA/CA,CAAA,C
1:1369911-A/C,AC
1:1370993-C/G,T
1:1376023-CTTT/CTT,CTTTT,CT,C
1:1376993-GCACACACA/GCACACACACACA,GCACACACACA,GCACACA,GCACACACACACACA,GCACACACACACACACA,G
1:1377206-C/*,A
1:1378082-AC/*,A
1:1378629-GAAA/GA,GAA,GAAAA,G
1:1380051-TA/T,TAA
1:1387386-TAA/TA,TAAA,TAAAA,TAAAAA,T,TAAAAAAA
1:1387717-A/*,T
1:1388483-A/*,T
1:1389685-CAA/CA,CAAA,C
1:1389773-CA/C,CAA
1:1390687-TGA/CGA,T
1:1390971-CTTTT/CTTT,CTT,CT,C
1:1395014-G/C,A
1:1398833-C/G,T
1:1399695-TAA/TA,T
1:1399730-C/CA,CAA
1:1400673-CTTTT/CTT,CTTT,CT,CTTTTT,C
1:1401573-T/*,C
1:1402585-CTTTT/CTTT,CT,CTTTTT,CTT,C
1:1405564-CT/CTT,C
1:1406543-CATATATATATATATATATAT/C,CAT,CATATATATAT,CATATATAT,CATAT,CATATATATATATATAT
1:1406949-ATATATATATAT/*,A
1:1407256-AT/*,A
1:1407888-T/*,A
1:1407985-AT/*,A
1:1408573-T/*,A
1:1409177-ATATATATATAT/*,A
1:1409675-AT/*,A
1:1409984-TA/TAA,T
1:1416873-GAA/GA,G
1:1418755-AT/ATT,ATTT,A
1:1418869-GAA/GA,GAAA,GAAAA,G
1:1423239-CAAAAAAA/CAAAAAA,CAAAAAAAA,C,CAAAAA
1:1427680-CA/C,CAA
1:1437300-C/T,G
1:1439510-CAA/CA,CAAA,C
1:1441827-CTTT/CTTTT,CTT,CT,C,CTTTTT
1:1442405-T/*,C
1:1443160-CTTTTTTTTT/CTTTTTTTTTT,CTTTTTTTTTTT,CTTTTTTT,CTTTTTTTT,C
1:1443879-CTTTTT/CTTTTTT,CTTTTTTT,CTTTTTTTT,CTTTT,CTTT,C
1:1454753-A/C,AC,AAC
1:1459825-G/T,C
1:1462374-CTTT/CTTTT,CTT,CTTTTT,C
1:1463474-GTATATATA/GTATA,GTATATA,GTA,G
1:1467382-TATATATACATAC/TATAC,T,*
1:1469931-CT/CTT,C,CTTTT,CTTT
1:1471053-CTTTTTTTTTTTT/CTTTTTTTTTTTTTT,CTTTTTTTTT,CTTTTTTTTTTT,CTTTTTTTTTTTTT,CTTTTTTTTTT,CTTTTTTTTTTTTTTT,C
1:1476491-C/G,A
1:1487434-GTATATA/GTA,GTATA,G,GTATATATA,GTATATATATATA
1:1489065-TATATGTGTATATATATATATA/T,TTA,TTATGTGTATATATATATATA,*
1:1496421-TGTGTGTGTGTGTGTGTGTG/T,TTGTGTGTGTGTGTGTGTG,TTG,*
1:1496935-TGTGTGTGTGTGTGTGTG/TTGTGTGTGTGTGTGTG,T,*
1:1497251-TGTGTGTGTGTGTGTG/TTGTGTGTGTGTGTG,T,TTG,*
1:1497677-TGTGTGTGTGTGTG/T,TTGTGTGTGTGTG,TTGTGTG,TTG,*
1:1498084-TGTGTGTGTGTG/T,TTGTGTGTGTG,TTGTG,TTG,*,TTGTGTG
1:1498922-TGTGTGTGTG/TTGTGTGTG,T,TTGTG,TTGTGTG,TTG,*
1:1499503-TGTGTGTG/T,TTGTGTG,TTGTG,TTG,*
1:1500148-TGTGTG/T,TTG,TTGTG,*
1:1500738-TGTG/TTG,T,*
1:1502538-G/T,GTT,GTGTT,*,GTGTGTT
1:1513506-TTGTGTGTG/TTGTGTG,TTGTGTGTGTG,TTGTGTGTGTGTGTG,TTGTGTGTGTGTGTGTG,TTGTGTGTGTGTG,T
1:1513832-G/GTA,GTGTA,GTGTGTA,GTGTGTGTA,GTGTGTGTGTA,A
1:1524618-A/AT,G
