1:1031158-T/C
1:1074909-CAA/CAAA,CA,C
1:1076062-TA/T,TAA
1:1082113-G/GACAATTGCTCGTAAACAGGTGGATGATGGTGCGTTGGTATTGGATATCAATATGGACGATGGTCTGTTGGAGGCAAAAGATGAGATGGTTCATTT
1:1091972-CAAA/CAAAA,CAAAAA,C,CAA,CA,CAAAAAA
1:1115946-TTATATA/T,TTATATATA,TTATA,ATATATA,TTA
1:1123363-A/G
1:1130037-CTTTT/CTTT,CTTTTT,C,CT,CTTTTTT,CTT
1:1130504-CTTT/CT,CTTTT,CTT,C
1:1138547-G/A
1:1154367-T/C
1:1161417-G/A
1:1207059-CTT/C,CT,CTTT
1:1221818-G/A
1:1254146-A/*,C
1:1261959-CAAA/CAAAA,CAA,CA,C
1:1280051-T/C
1:1285512-C/A
1:1287779-TATCAATCA/TATCA,T,TATCAATCAATCA,*
1:1290074-ACC/ACCC,AC,ACCCC,A,ACCCCC
1:1302520-T/C
1:1320626-G/T
1:1323727-GA/G
1:1329254-T/C
1:1336509-T/C
1:1337604-G/GT,GTT
1:1342119-TAA/TA,TAAA,T
1:1376993-GCACACACA/GCACACACACACA,GCACACACACA,GCACACA,GCACACACACACACA,GCACACACACACACACA,G
1:1386623-G/T
1:1411628-A/G
1:1418755-AT/ATT,ATTT,A
1:1420966-G/T
1:1423239-CAAAAAAA/CAAAAAA,CAAAAAAAA,C,CAAAAA
1:1443160-CTTTTTTTTT/CTTTTTTTTTT,CTTTTTTTTTTT,CTTTTTTT,CTTTTTTTT,C
1:1486706-T/C
1:1487434-GTATATA/GTA,GTATA,G,GTATATATA,GTATATATATATA
1:1504720-C/T
1:1506961-T/C
1:1513506-TTGTGTGTG/TTGTGTG,TTGTGTGTGTG,TTGTGTGTGTGTGTG,TTGTGTGTGTGTGTGTG,TTGTGTGTGTGTG,T
1:1520962-T/C
1:1521181-T/C
1:1522256-C/A
1:1527480-A/AATGATAC
1:1527601-GTCTA/G
