1:1067887-T/TTTCTTCTTC,TTTCTTCTTCTTCTTC,TTTCTTC,TTTC
1:1071021-G/C
1:1071774-C/G
1:1075625-C/T
1:1086925-A/G
1:1089894-C/T
1:1100402-T/C
1:1101254-T/A
1:1109264-T/C
1:1109900-T/A
1:1116834-T/A,TA,*
1:1130504-CTTT/CT,CTTTT,CTT,C
1:1176151-AT/A,TT,ATT,*
1:1177047-T/C,TA
1:1188570-G/A
1:1189528-T/C
1:1194203-A/*,G
1:1200959-T/G
1:1208783-A/*,G
1:1214904-ACTTCCCTTCCCTTCC/ACTTCC,ACTTCCCTTCC,ACTTCCCTTCCCTTCCCTTCC,*,A
1:1215151-C/*,A
1:1225752-CTAA/CA,C
1:1251242-TAA/TAAA,TAAAA,TA,T,AAA
1:1251489-AAATAATAATAAT/AAATAAT,AAAT,AAATAATAATAATAAT,A
1:1254772-C/G,T
1:1275046-A/C,T
1:1287779-TATCAATCA/TATCA,T,TATCAATCAATCA,*
1:1297546-C/A,T
1:1309140-C/T
1:1314932-T/C
1:1328296-AGTGTGTGTGTGTGTGT/A,AGTGTGTGTGTGTGTGTGTGT
1:1335659-TACCACCACCACC/TACCACCACCACCACC,TACCACCACC,T
1:1338523-G/C
1:1369911-A/C,AC
1:1370993-C/G,T
1:1376993-GCACACACA/GCACACACACACA,GCACACACACA,GCACACA,GCACACACACACACA,GCACACACACACACACA,G
1:1391624-G/A
1:1395014-G/C,A
1:1398833-C/G,T
1:1399730-C/CA,CAA
1:1459825-G/T,C
1:1476491-C/G,A
1:1477154-C/G
1:1498922-TGTGTGTGTG/TTGTGTGTG,T,TTGTG,TTGTGTG,TTG,*
1:1502538-G/T,GTT,GTGTT,*,GTGTGTT
1:1524618-A/AT,G
1:1538781-C/T
