{
  "Fam1": [
    {
      "INHERITANCE": "recessive",
      "chrom": "1",
      "pos": "1239621",
      "id": "snp87719",
      "ref": "T",
      "alts": "C",
      "qual": "43019.19921875",
      "filter": "VQSRTrancheSNP99.95to100.00",
      "ALLELE": 1,
      "AC": "631",
      "AN": 3364,
      "FORMAT": "GT:AD:DP:GQ:PGT:PID:PL:PP",
      "Sample2": "0/0:0,8:8:21:.:.:0,88,175:0,88,172",
      "Sample3": "0/1:5,5:10:30:.:.:139,0,130:128,0,133",
      "Sample1": "0/1:4,6:10:99:.:.:150,0,104:147,0,113",
      "Consequence": "missense_variant",
      "IMPACT": "MODERATE",
      "SYMBOL": "SYMBOL_53",
      "Gene": "GENE_58",
      "Feature_type": "Transcript",
      "Feature": "FEATURE_149",
      "BIOTYPE": "protein_coding",
      "EXON": "4/13",
      "INTRON": "",
      "CANONICAL": "YES"
    },
    {
      "INHERITANCE": "recessive",
      "chrom": "1",
      "pos": "1239621",
      "id": "snp87719",
      "ref": "T",
      "alts": "C",
      "qual": "43019.19921875",
      "filter": "VQSRTrancheSNP99.95to100.00",
      "ALLELE": 1,
      "AC": "631",
      "AN": 3364,
      "FORMAT": "GT:AD:DP:GQ:PGT:PID:PL:PP",
      "Sample2": "0/0:0,8:8:21:.:.:0,88,175:0,88,172",
      "Sample3": "0/1:5,5:10:30:.:.:139,0,130:128,0,133",
      "Sample1": "0/1:4,6:10:99:.:.:150,0,104:147,0,113",
      "Consequence": "missense_variant",
      "IMPACT": "MODERATE",
      "SYMBOL": "SYMBOL_53",
      "Gene": "GENE_58",
      "Feature_type": "Transcript",
      "Feature": "FEATURE_150",
      "BIOTYPE": "protein_coding",
      "EXON": "3/13",
      "INTRON": "",
      "CANONICAL": ""
    },
    {
      "INHERITANCE": "recessive",
      "chrom": "1",
      "pos": "1239621",
      "id": "snp87719",
      "ref": "T",
      "alts": "C",
      "qual": "43019.19921875",
      "filter": "VQSRTrancheSNP99.95to100.00",
      "ALLELE": 1,
      "AC": "631",
      "AN": 3364,
      "FORMAT": "GT:AD:DP:GQ:PGT:PID:PL:PP",
      "Sample2": "0/0:0,8:8:21:.:.:0,88,175:0,88,172",
      "Sample3": "0/1:5,5:10:30:.:.:139,0,130:128,0,133",
      "Sample1": "0/1:4,6:10:99:.:.:150,0,104:147,0,113",
      "Consequence": "missense_variant",
      "IMPACT": "MODERATE",
      "SYMBOL": "SYMBOL_53",
      "Gene": "GENE_58",
      "Feature_type": "Transcript",
      "Feature": "FEATURE_151",
      "BIOTYPE": "protein_coding",
      "EXON": "4/13",
      "INTRON": "",
      "CANONICAL": ""
    },
    {
      "INHERITANCE": "recessive",
      "chrom": "1",
      "pos": "1239621",
      "id": "snp87719",
      "ref": "T",
      "alts": "C",
      "qual": "43019.19921875",
      "filter": "VQSRTrancheSNP99.95to100.00",
      "ALLELE": 1,
      "AC": "631",
      "AN": 3364,
      "FORMAT": "GT:AD:DP:GQ:PGT:PID:PL:PP",
      "Sample2": "0/0:0,8:8:21:.:.:0,88,175:0,88,172",
      "Sample3": "0/1:5,5:10:30:.:.:139,0,130:128,0,133",
      "Sample1": "0/1:4,6:10:99:.:.:150,0,104:147,0,113",
      "Consequence": "missense_variant",
      "IMPACT": "MODERATE",
      "SYMBOL": "SYMBOL_53",
      "Gene": "GENE_58",
      "Feature_type": "Transcript",
      "Feature": "FEATURE_152",
      "BIOTYPE": "protein_coding",
      "EXON": "3/12",
      "INTRON": "",
      "CANONICAL": ""
    },
    {
      "INHERITANCE": "recessive",
      "chrom": "1",
      "pos": "1240192",
      "id": ".",
      "ref": "C",
      "alts": "G",
      "qual": "55495.6015625",
      "filter": "VQSRTrancheSNP99.95to100.00",
      "ALLELE": 1,
      "AC": "535",
      "AN": 3380,
      "FORMAT": "GT:AD:DP:GQ:PGT:PID:PL:PP",
      "Sample2": "0/1:10,6:16:99:0|1:70177467_C_G:207,0,350:203,0,360",
      "Sample3": "0/0:0,9:9:99:.:0,93,243:0,103,239:None",
      "Sample1": "0/1:8,3:11:98:0|1:70177467_C_G:102,0,310:98,0,320",
      "Consequence": "missense_variant",
      "IMPACT": "MODERATE",
      "SYMBOL": "SYMBOL_53",
      "Gene": "GENE_58",
      "Feature_type": "Transcript",
      "Feature": "FEATURE_149",
      "BIOTYPE": "protein_coding",
      "EXON": "4/13",
      "INTRON": "",
      "CANONICAL": ""
    },
    {
      "INHERITANCE": "recessive",
      "chrom": "1",
      "pos": "1240192",
      "id": ".",
      "ref": "C",
      "alts": "G",
      "qual": "55495.6015625",
      "filter": "VQSRTrancheSNP99.95to100.00",
      "ALLELE": 1,
      "AC": "535",
      "AN": 3380,
      "FORMAT": "GT:AD:DP:GQ:PGT:PID:PL:PP",
      "Sample2": "0/1:10,6:16:99:0|1:70177467_C_G:207,0,350:203,0,360",
      "Sample3": "0/0:0,9:9:99:.:0,93,243:0,103,239:None",
      "Sample1": "0/1:8,3:11:98:0|1:70177467_C_G:102,0,310:98,0,320",
      "Consequence": "missense_variant",
      "IMPACT": "MODERATE",
      "SYMBOL": "SYMBOL_53",
      "Gene": "GENE_58",
      "Feature_type": "Transcript",
      "Feature": "FEATURE_150",
      "BIOTYPE": "protein_coding",
      "EXON": "3/13",
      "INTRON": "",
      "CANONICAL": ""
    },
    {
      "INHERITANCE": "recessive",
      "chrom": "1",
      "pos": "1240192",
      "id": ".",
      "ref": "C",
      "alts": "G",
      "qual": "55495.6015625",
      "filter": "VQSRTrancheSNP99.95to100.00",
      "ALLELE": 1,
      "AC": "535",
      "AN": 3380,
      "FORMAT": "GT:AD:DP:GQ:PGT:PID:PL:PP",
      "Sample2": "0/1:10,6:16:99:0|1:70177467_C_G:207,0,350:203,0,360",
      "Sample3": "0/0:0,9:9:99:.:0,93,243:0,103,239:None",
      "Sample1": "0/1:8,3:11:98:0|1:70177467_C_G:102,0,310:98,0,320",
      "Consequence": "missense_variant",
      "IMPACT": "MODERATE",
      "SYMBOL": "SYMBOL_53",
      "Gene": "GENE_58",
      "Feature_type": "Transcript",
      "Feature": "FEATURE_151",
      "BIOTYPE": "protein_coding",
      "EXON": "4/13",
      "INTRON": "",
      "CANONICAL": ""
    },
    {
      "INHERITANCE": "recessive",
      "chrom": "1",
      "pos": "1240192",
      "id": ".",
      "ref": "C",
      "alts": "G",
      "qual": "55495.6015625",
      "filter": "VQSRTrancheSNP99.95to100.00",
      "ALLELE": 1,
      "AC": "535",
      "AN": 3380,
      "FORMAT": "GT:AD:DP:GQ:PGT:PID:PL:PP",
      "Sample2": "0/1:10,6:16:99:0|1:70177467_C_G:207,0,350:203,0,360",
      "Sample3": "0/0:0,9:9:99:.:0,93,243:0,103,239:None",
      "Sample1": "0/1:8,3:11:98:0|1:70177467_C_G:102,0,310:98,0,320",
      "Consequence": "missense_variant",
      "IMPACT": "MODERATE",
      "SYMBOL": "SYMBOL_53",
      "Gene": "GENE_58",
      "Feature_type": "Transcript",
      "Feature": "FEATURE_152",
      "BIOTYPE": "protein_coding",
      "EXON": "3/12",
      "INTRON": "",
      "CANONICAL": "YES"
    },
    {
      "INHERITANCE": "de novo",
      "chrom": "1",
      "pos": "1527601",
      "id": "snp9532",
      "ref": "GTCTA",
      "alts": "G",
      "qual": "410.8800048828125",
      "filter": "PASS",
      "ALLELE": 1,
      "AC": "15",
      "AN": 2994,
      "FORMAT": "GT:AD:DP:GQ:PGT:PID:PL:PP",
      "Sample2": "0/0:37,0:37:39:.:.:0,39,1102:0,39,1102",
      "Sample3": "0/0:25,0:25:66:.:.:0,66,990:0,66,990",
      "Sample1": "0/1:20,4:24:99:0|1:72112396_TCCTGC_T:109,0,6535:109,0,6535",
      "Consequence": "frameshift_variant&splice_region_variant",
      "IMPACT": "HIGH",
      "SYMBOL": "SYMBOL_124",
      "Gene": "GENE_129",
      "Feature_type": "Transcript",
      "Feature": "FEATURE_340",
      "BIOTYPE": "protein_coding",
      "EXON": "27/27",
      "INTRON": "",
      "CANONICAL": "YES"
    },
    {
      "INHERITANCE": "de novo",
      "chrom": "1",
      "pos": "1527601",
      "id": "snp9532",
      "ref": "GTCTA",
      "alts": "G",
      "qual": "410.8800048828125",
      "filter": "PASS",
      "ALLELE": 1,
      "AC": "15",
      "AN": 2994,
      "FORMAT": "GT:AD:DP:GQ:PGT:PID:PL:PP",
      "Sample2": "0/0:37,0:37:39:.:.:0,39,1102:0,39,1102",
      "Sample3": "0/0:25,0:25:66:.:.:0,66,990:0,66,990",
      "Sample1": "0/1:20,4:24:99:0|1:72112396_TCCTGC_T:109,0,6535:109,0,6535",
      "Consequence": "frameshift_variant&splice_region_variant",
      "IMPACT": "HIGH",
      "SYMBOL": "SYMBOL_124",
      "Gene": "GENE_129",
      "Feature_type": "Transcript",
      "Feature": "FEATURE_341",
      "BIOTYPE": "protein_coding",
      "EXON": "13/13",
      "INTRON": "",
      "CANONICAL": ""
    }
  ],
  "Fam2": [
    {
      "INHERITANCE": "recessive",
      "chrom": "1",
      "pos": "1239621",
      "id": "snp87719",
      "ref": "T",
      "alts": "C",
      "qual": "43019.19921875",
      "filter": "VQSRTrancheSNP99.95to100.00",
      "ALLELE": 1,
      "AC": "631",
      "AN": 3364,
      "FORMAT": "GT:AD:DP:GQ:PGT:PID:PL:PP",
      "Sample5": "0/0:0,8:8:21:.:.:0,88,175:0,88,172",
      "Sample6": "0/1:5,5:10:30:.:.:139,0,130:128,0,133",
      "Sample4": "0/1:4,6:10:99:.:.:150,0,104:147,0,113",
      "Consequence": "missense_variant",
      "IMPACT": "MODERATE",
      "SYMBOL": "SYMBOL_53",
      "Gene": "GENE_58",
      "Feature_type": "Transcript",
      "Feature": "FEATURE_149",
      "BIOTYPE": "protein_coding",
      "EXON": "4/13",
      "INTRON": "",
      "CANONICAL": "YES"
    },
    {
      "INHERITANCE": "recessive",
      "chrom": "1",
      "pos": "1239621",
      "id": "snp87719",
      "ref": "T",
      "alts": "C",
      "qual": "43019.19921875",
      "filter": "VQSRTrancheSNP99.95to100.00",
      "ALLELE": 1,
      "AC": "631",
      "AN": 3364,
      "FORMAT": "GT:AD:DP:GQ:PGT:PID:PL:PP",
      "Sample5": "0/0:0,8:8:21:.:.:0,88,175:0,88,172",
      "Sample6": "0/1:5,5:10:30:.:.:139,0,130:128,0,133",
      "Sample4": "0/1:4,6:10:99:.:.:150,0,104:147,0,113",
      "Consequence": "missense_variant",
      "IMPACT": "MODERATE",
      "SYMBOL": "SYMBOL_53",
      "Gene": "GENE_58",
      "Feature_type": "Transcript",
      "Feature": "FEATURE_150",
      "BIOTYPE": "protein_coding",
      "EXON": "3/13",
      "INTRON": "",
      "CANONICAL": ""
    },
    {
      "INHERITANCE": "recessive",
      "chrom": "1",
      "pos": "1239621",
      "id": "snp87719",
      "ref": "T",
      "alts": "C",
      "qual": "43019.19921875",
      "filter": "VQSRTrancheSNP99.95to100.00",
      "ALLELE": 1,
      "AC": "631",
      "AN": 3364,
      "FORMAT": "GT:AD:DP:GQ:PGT:PID:PL:PP",
      "Sample5": "0/0:0,8:8:21:.:.:0,88,175:0,88,172",
      "Sample6": "0/1:5,5:10:30:.:.:139,0,130:128,0,133",
      "Sample4": "0/1:4,6:10:99:.:.:150,0,104:147,0,113",
      "Consequence": "missense_variant",
      "IMPACT": "MODERATE",
      "SYMBOL": "SYMBOL_53",
      "Gene": "GENE_58",
      "Feature_type": "Transcript",
      "Feature": "FEATURE_151",
      "BIOTYPE": "protein_coding",
      "EXON": "4/13",
      "INTRON": "",
      "CANONICAL": ""
    },
    {
      "INHERITANCE": "recessive",
      "chrom": "1",
      "pos": "1239621",
      "id": "snp87719",
      "ref": "T",
      "alts": "C",
      "qual": "43019.19921875",
      "filter": "VQSRTrancheSNP99.95to100.00",
      "ALLELE": 1,
      "AC": "631",
      "AN": 3364,
      "FORMAT": "GT:AD:DP:GQ:PGT:PID:PL:PP",
      "Sample5": "0/0:0,8:8:21:.:.:0,88,175:0,88,172",
      "Sample6": "0/1:5,5:10:30:.:.:139,0,130:128,0,133",
      "Sample4": "0/1:4,6:10:99:.:.:150,0,104:147,0,113",
      "Consequence": "missense_variant",
      "IMPACT": "MODERATE",
      "SYMBOL": "SYMBOL_53",
      "Gene": "GENE_58",
      "Feature_type": "Transcript",
      "Feature": "FEATURE_152",
      "BIOTYPE": "protein_coding",
      "EXON": "3/12",
      "INTRON": "",
      "CANONICAL": ""
    },
    {
      "INHERITANCE": "recessive",
      "chrom": "1",
      "pos": "1240192",
      "id": ".",
      "ref": "C",
      "alts": "G",
      "qual": "55495.6015625",
      "filter": "VQSRTrancheSNP99.95to100.00",
      "ALLELE": 1,
      "AC": "535",
      "AN": 3380,
      "FORMAT": "GT:AD:DP:GQ:PGT:PID:PL:PP",
      "Sample5": "0/1:10,6:16:99:0|1:70177467_C_G:207,0,350:203,0,360",
      "Sample6": "0/0:0,9:9:99:.:0,93,243:0,103,239:None",
      "Sample4": "0/1:8,3:11:98:0|1:70177467_C_G:102,0,310:98,0,320",
      "Consequence": "missense_variant",
      "IMPACT": "MODERATE",
      "SYMBOL": "SYMBOL_53",
      "Gene": "GENE_58",
      "Feature_type": "Transcript",
      "Feature": "FEATURE_149",
      "BIOTYPE": "protein_coding",
      "EXON": "4/13",
      "INTRON": "",
      "CANONICAL": ""
    },
    {
      "INHERITANCE": "recessive",
      "chrom": "1",
      "pos": "1240192",
      "id": ".",
      "ref": "C",
      "alts": "G",
      "qual": "55495.6015625",
      "filter": "VQSRTrancheSNP99.95to100.00",
      "ALLELE": 1,
      "AC": "535",
      "AN": 3380,
      "FORMAT": "GT:AD:DP:GQ:PGT:PID:PL:PP",
      "Sample5": "0/1:10,6:16:99:0|1:70177467_C_G:207,0,350:203,0,360",
      "Sample6": "0/0:0,9:9:99:.:0,93,243:0,103,239:None",
      "Sample4": "0/1:8,3:11:98:0|1:70177467_C_G:102,0,310:98,0,320",
      "Consequence": "missense_variant",
      "IMPACT": "MODERATE",
      "SYMBOL": "SYMBOL_53",
      "Gene": "GENE_58",
      "Feature_type": "Transcript",
      "Feature": "FEATURE_150",
      "BIOTYPE": "protein_coding",
      "EXON": "3/13",
      "INTRON": "",
      "CANONICAL": ""
    },
    {
      "INHERITANCE": "recessive",
      "chrom": "1",
      "pos": "1240192",
      "id": ".",
      "ref": "C",
      "alts": "G",
      "qual": "55495.6015625",
      "filter": "VQSRTrancheSNP99.95to100.00",
      "ALLELE": 1,
      "AC": "535",
      "AN": 3380,
      "FORMAT": "GT:AD:DP:GQ:PGT:PID:PL:PP",
      "Sample5": "0/1:10,6:16:99:0|1:70177467_C_G:207,0,350:203,0,360",
      "Sample6": "0/0:0,9:9:99:.:0,93,243:0,103,239:None",
      "Sample4": "0/1:8,3:11:98:0|1:70177467_C_G:102,0,310:98,0,320",
      "Consequence": "missense_variant",
      "IMPACT": "MODERATE",
      "SYMBOL": "SYMBOL_53",
      "Gene": "GENE_58",
      "Feature_type": "Transcript",
      "Feature": "FEATURE_151",
      "BIOTYPE": "protein_coding",
      "EXON": "4/13",
      "INTRON": "",
      "CANONICAL": ""
    },
    {
      "INHERITANCE": "recessive",
      "chrom": "1",
      "pos": "1240192",
      "id": ".",
      "ref": "C",
      "alts": "G",
      "qual": "55495.6015625",
      "filter": "VQSRTrancheSNP99.95to100.00",
      "ALLELE": 1,
      "AC": "535",
      "AN": 3380,
      "FORMAT": "GT:AD:DP:GQ:PGT:PID:PL:PP",
      "Sample5": "0/1:10,6:16:99:0|1:70177467_C_G:207,0,350:203,0,360",
      "Sample6": "0/0:0,9:9:99:.:0,93,243:0,103,239:None",
      "Sample4": "0/1:8,3:11:98:0|1:70177467_C_G:102,0,310:98,0,320",
      "Consequence": "missense_variant",
      "IMPACT": "MODERATE",
      "SYMBOL": "SYMBOL_53",
      "Gene": "GENE_58",
      "Feature_type": "Transcript",
      "Feature": "FEATURE_152",
      "BIOTYPE": "protein_coding",
      "EXON": "3/12",
      "INTRON": "",
      "CANONICAL": "YES"
    },
    {
      "INHERITANCE": "de novo",
      "chrom": "1",
      "pos": "1277895",
      "id": "snp14499",
      "ref": "C",
      "alts": "T",
      "qual": "709.8800048828125",
      "filter": "PASS",
      "ALLELE": 1,
      "AC": "2",
      "AN": 3626,
      "FORMAT": "GT:AD:DP:GQ:PL:PP",
      "Sample5": "0/0:29,0:29:99:0,81,971:0,110,1033",
      "Sample6": "0/0:29,0:29:60:0,31,797:0,60,859",
      "Sample4": "0/1:15,14:29:99:423,0,400:394,0,433",
      "Consequence": "missense_variant",
      "IMPACT": "MODERATE",
      "SYMBOL": "SYMBOL_69",
      "Gene": "GENE_74",
      "Feature_type": "Transcript",
      "Feature": "FEATURE_183",
      "BIOTYPE": "protein_coding",
      "EXON": "12/19",
      "INTRON": "",
      "CANONICAL": "YES"
    },
    {
      "INHERITANCE": "recessive",
      "chrom": "1",
      "pos": "1285512",
      "id": ".",
      "ref": "C",
      "alts": "A",
      "qual": "123480.0",
      "filter": "PASS",
      "ALLELE": 1,
      "AC": "423",
      "AN": 3626,
      "FORMAT": "GT:AD:DP:GQ:PGT:PID:PL:PP",
      "Sample5": "0/1:12,16:28:99:.:.:436,0,323:429,0,336",
      "Sample6": "0/1:10,7:17:58:.:.:51,0,518:58,0,539",
      "Sample4": "1/1:0,35:35:88:.:.:1111,81,0:1132,88,0",
      "Consequence": "stop_gained",
      "IMPACT": "HIGH",
      "SYMBOL": "SYMBOL_72",
      "Gene": "GENE_77",
      "Feature_type": "Transcript",
      "Feature": "FEATURE_191",
      "BIOTYPE": "protein_coding",
      "EXON": "6/6",
      "INTRON": "",
      "CANONICAL": "YES"
    },
    {
      "INHERITANCE": "recessive",
      "chrom": "1",
      "pos": "1285512",
      "id": ".",
      "ref": "C",
      "alts": "A",
      "qual": "123480.0",
      "filter": "PASS",
      "ALLELE": 1,
      "AC": "423",
      "AN": 3626,
      "FORMAT": "GT:AD:DP:GQ:PGT:PID:PL:PP",
      "Sample5": "0/1:12,16:28:99:.:.:436,0,323:429,0,336",
      "Sample6": "0/1:10,7:17:58:.:.:51,0,518:58,0,539",
      "Sample4": "1/1:0,35:35:88:.:.:1111,81,0:1132,88,0",
      "Consequence": "stop_gained",
      "IMPACT": "HIGH",
      "SYMBOL": "SYMBOL_72",
      "Gene": "GENE_77",
      "Feature_type": "Transcript",
      "Feature": "FEATURE_189",
      "BIOTYPE": "protein_coding",
      "EXON": "7/7",
      "INTRON": "",
      "CANONICAL": ""
    },
    {
      "INHERITANCE": "recessive",
      "chrom": "1",
      "pos": "1285512",
      "id": ".",
      "ref": "C",
      "alts": "A",
      "qual": "123480.0",
      "filter": "PASS",
      "ALLELE": 1,
      "AC": "423",
      "AN": 3626,
      "FORMAT": "GT:AD:DP:GQ:PGT:PID:PL:PP",
      "Sample5": "0/1:12,16:28:99:.:.:436,0,323:429,0,336",
      "Sample6": "0/1:10,7:17:58:.:.:51,0,518:58,0,539",
      "Sample4": "1/1:0,35:35:88:.:.:1111,81,0:1132,88,0",
      "Consequence": "stop_gained",
      "IMPACT": "HIGH",
      "SYMBOL": "SYMBOL_72",
      "Gene": "GENE_77",
      "Feature_type": "Transcript",
      "Feature": "FEATURE_194",
      "BIOTYPE": "protein_coding",
      "EXON": "6/6",
      "INTRON": "",
      "CANONICAL": ""
    }
  ]
}