1:1041853-G/C
1:1041888-G/C
1:1041965-G/C
1:1044900-G/C
1:1044950-G/C
