1:1012081-C/T
1:1014442-A/G
1:1016269-C/T
1:1017929-C/G
1:1021556-T/C
1:1023370-A/G
1:1023498-G/A
1:1024841-T/C
1:1025123-CAAAAAA/CAAAAAAA,CAAAA,CAAAAAAAA,CAAAAA,C
1:1027422-G/A
1:1027554-G/C
1:1028273-T/C
1:1029856-G/A
1:1035740-C/CTT
1:1037814-A/G
1:1038887-C/A
1:1039443-T/C
1:1041629-T/C
1:1041853-G/C
1:1042902-G/A
1:1042946-C/A
1:1043789-C/A
1:1045565-T/C
1:1047459-G/T
1:1048831-ATTT/AT,ATT,ATTTT,ATTTTT,A
1:1056313-C/CGCCCCAGCCCCGT
1:1056670-CCT/C
1:1057765-A/G
1:1058781-G/A
1:1060740-CTT/C,CT,CTTT,CTTTT
1:1061726-T/C
1:1061926-CT/CTT,C
1:1065594-T/G
1:1066125-G/A
1:1076062-TA/T,TAA
1:1077623-A/T
1:1078931-A/T
1:1091155-CT/C,CTT
1:1095512-G/A
1:1107010-A/G,*
1:1108474-T/C
1:1109264-T/C
1:1109900-T/A
1:1113458-G/C
1:1115946-TTATATA/T,TTATATATA,TTATA,ATATATA,TTA
1:1116657-ATTT/AT,TTTT,ATTTT,A,ATT
1:1119132-A/G
1:1123204-ATGTGTG/ATGTGTGTG,ATGTG,ATG,*
1:1125043-GC/G
1:1125426-G/C
1:1126069-C/T
1:1128637-GT/GTT,G
1:1130037-CTTTT/CTTT,CTTTTT,C,CT,CTTTTTT,CTT
1:1133102-G/A
1:1136087-A/G
1:1136368-G/C
1:1144379-T/G
1:1145364-A/G
1:1148772-G/A
1:1149891-C/T
1:1153102-C/T
1:1154322-A/G
1:1154367-T/C
1:1161417-G/A
1:1168460-C/G
1:1172660-G/C
1:1178812-C/CA
1:1179291-G/A
1:1180817-A/G
1:1181333-C/A
1:1182959-T/C
1:1185365-AC/A
1:1185998-T/TGGGGAGGGGGA
1:1186557-G/A
1:1186596-A/G
1:1187641-G/A
1:1189528-T/C
1:1191317-T/C
1:1193513-CTTT/CTT,CTTTT,CTTTTT,C,CT
1:1193877-G/C
1:1194102-A/C
1:1197271-A/G
1:1197960-T/C
1:1199523-G/GT
1:1201142-T/C
1:1201887-A/G
1:1202691-T/C
1:1206661-G/T
1:1207059-CTT/C,CT,CTTT
1:1209929-G/A
1:1210040-G/A
1:1211377-A/G
1:1215151-C/*,A
1:1218627-C/T
1:1221818-G/A
1:1223959-G/A
1:1229077-G/A
1:1230396-A/C
1:1232842-C/G
1:1233089-T/G
1:1233324-A/G
1:1234988-T/G
1:1237132-G/A
1:1237626-G/C
1:1238205-A/AC
1:1239695-T/C
1:1242959-G/A
1:1244488-A/G
1:1248249-T/C
1:1248865-G/GC,GCC
1:1249874-G/A
1:1251242-TAA/TAAA,TAAAA,TA,T,AAA
1:1256797-T/C
1:1259397-CAAAAA/CAAAAAA,CAAAAAAA,CAAAA,CAAA,CAA,C
1:1260010-CA/CAA,C
1:1261959-CAAA/CAAAA,CAA,CA,C
1:1264235-C/CTGTT
1:1265667-CA/CAA,C
1:1266136-T/C
1:1269072-G/A
1:1270433-CAAA/CAA,CAAAA,CA,C
1:1272372-G/A
1:1273200-C/G
1:1273610-A/C
1:1274522-C/G
1:1277895-C/T
1:1279061-G/A
1:1279105-CAAA/CAAAA,CA,CAA,CAAAAA,C,CAAAAAA
1:1281820-GT/GTT,GTTT,G
1:1285512-C/A
1:1292687-CG/CGGG,CGG,CGGGG,C
1:1294087-A/T
1:1297878-G/C
1:1300344-G/C
1:1305189-T/C
1:1306885-A/G
1:1310076-AT/A,ATT
1:1310908-T/C
1:1314510-C/T
1:1316176-T/A
1:1316793-G/A
1:1317004-A/G
1:1320626-G/T
1:1323727-GA/G
1:1324626-C/G
1:1334006-G/A
1:1337239-T/C
1:1340422-CGTT/CTT,CT,C
1:1344342-C/T
1:1345431-C/T
1:1346646-TA/T,*
1:1355283-TA/T
1:1358388-AAC/CAC,*
1:1359988-C/T
1:1360590-A/G
1:1363015-A/G
1:1363794-CAA/CA,CAAA,C
1:1365072-T/C
1:1368398-A/G
1:1369497-G/A
1:1369911-A/C,AC
1:1372635-A/G
1:1374119-G/A
1:1375765-A/C
1:1379075-A/C
1:1380051-TA/T,TAA
1:1381987-G/A
1:1384424-G/T
1:1388880-T/G
1:1389036-G/A
1:1389685-CAA/CA,CAAA,C
1:1390687-TGA/CGA,T
1:1394769-T/C
1:1397700-C/T
1:1399695-TAA/TA,T
1:1403435-A/G
1:1405302-T/G
1:1405564-CT/CTT,C
1:1405998-T/TAC
1:1409177-ATATATATATAT/*,A
1:1410918-G/A
1:1411628-A/G
1:1412592-G/GTATTTT
1:1414482-A/G
1:1414950-C/G
1:1418869-GAA/GA,GAAA,GAAAA,G
1:1419423-C/T
1:1419607-G/T
1:1422952-G/A
1:1423239-CAAAAAAA/CAAAAAA,CAAAAAAAA,C,CAAAAA
1:1424321-C/T
1:1426765-T/C
1:1428239-A/G
1:1429883-C/G
1:1430484-G/A
1:1431282-T/C
1:1431738-T/C
1:1435303-C/T
1:1435505-A/C
1:1437300-C/T,G
1:1440257-G/A
1:1443160-CTTTTTTTTT/CTTTTTTTTTT,CTTTTTTTTTTT,CTTTTTTT,CTTTTTTTT,C
1:1443412-C/G
1:1445227-G/A
1:1446167-G/T
1:1447142-T/TGTGG
1:1448396-C/G
1:1449104-G/A
1:1458452-T/C
1:1458973-A/G
1:1459825-G/T,C
1:1460030-A/G
1:1462374-CTTT/CTTTT,CTT,CTTTTT,C
1:1465737-A/G,*
1:1466620-A/G
1:1469931-CT/CTT,C,CTTTT,CTTT
1:1473858-G/A
1:1474384-G/C
1:1475636-T/C
1:1478506-T/C
1:1479413-G/T
1:1482195-T/G
1:1484036-T/C
1:1487434-GTATATA/GTA,GTATA,G,GTATATATA,GTATATATATATA
1:1488126-ATATATATATATATATATATATATGTG/GTATATATATATATATATATATATGTG,*
1:1489065-TATATGTGTATATATATATATA/T,TTA,TTATGTGTATATATATATATA,*
1:1490160-ATATT/TTATT,*
1:1493220-A/G
1:1493266-TGTGTGTGTGTGTGTGTGTGTGTGTGTGTG/TTGTGTGTGTGTGTGTGTGTGTGTGTGTG,*
1:1498922-TGTGTGTGTG/TTGTGTGTG,T,TTGTG,TTGTGTG,TTG,*
1:1500644-G/T,*
1:1500738-TGTG/TTG,T,*
1:1501630-G/T,*
1:1503599-G/C
1:1505720-C/T
1:1507014-A/G
1:1507920-C/G
1:1512659-A/G
1:1513506-TTGTGTGTG/TTGTGTG,TTGTGTGTGTG,TTGTGTGTGTGTGTG,TTGTGTGTGTGTGTGTG,TTGTGTGTGTGTG,T
1:1517175-G/C
1:1519091-ACT/A
1:1520060-G/A
1:1520962-T/C
1:1524049-C/T
1:1527190-TCTCC/T
1:1527601-GTCTA/G
1:1535864-A/T
1:1536021-G/A
1:1536418-C/G
1:1538781-C/T
