chr1:1012343-C/T
chr1:1021228-C/T
chr1:1022077-G/A
chr1:1026435-G/T
chr1:1026742-GCCCATCCGGAGGGTCTTCCAGAGCCTCAGCCTGGCCGTGGACGGCCTCATGGAGATGGCCCTGGACTCCAGCAGGCAGGTGAGGCCCAGGCTCCCGGGGTCCTGTGGAGATGTGAACAACTGAGTAGCTGATGATGCCACACGAGCCTGGTGGATGCCGGTGCCAACGACGCTCGCACGGGTTTCTCCCCAAGGAGGAGGCTTTTCTGAACCAGATCTTTGAGGAAGTGGGCTTGCTACGAATGAGAGAATCTGTTTGTTTAATTTGGATAATAAACAGGCCCATTTTCTTTACTTCATGCACTGTTGCAATTCCATGTGGAGTGTTTTCATATTTAGAGATTATCACTAAGAAAGGAAATTTTTTGTAACCGTTTTAGAACATTTTAGACAATTAAAAAAGACATTAAGTAGGAATACACGGAAAGCAATCAAAGATCTTTTTTTCAGCCAGGCACAGCGGCTCACTCCTGCAGTCCCAGCACTTTGGGAGGCTAAGGTAGGAGGTTCACTTCAGCCTACTTCAGCCCACGAGCTCATCTTGTAGCTCTGGCGCTGGAGGAGATGTGGTCTGATGTGGCCCTCCCGGAGTTGGACAGAACTTTGTCTGAATGTGCAGAGATGTCTTCCGTGGCTGAAATTAGCAGCCACATGTGTGAAAGCTTTCTCATGAGCCCAGAAAGTGTACGGGAGTGTGAGCAA/G
chr1:1027794-A/T
chr1:1028132-C/T
chr1:1028273-G/C
chr1:1029745-C/T
chr1:1030170-C/T
chr1:1030598-C/T
chr1:1031117-G/C
