1:1000489-G/C
1:1001123-C/T
1:1003111-G/C
1:1003400-T/G
1:1004001-T/C
1:1004068-C/T
1:1005330-C/T
1:1005653-A/C
1:1006359-T/C
1:1007296-C/A
1:1009028-T/C
1:1010169-A/ATT,ATTT,ATTTT,AT
1:1011018-G/A
1:1012081-C/T
1:1013181-TAA/TA,TAAA,T
1:1013638-G/GAC
1:1014442-A/G
1:1014992-G/T
1:1015330-C/T
1:1016595-G/A
1:1017043-T/TTCCCTG
1:1018290-GAAAAAAAAAAAAAA/GAAAAAA,GAAAAAAAAAAA,GAAAAAAAAAAAA,G,GAAAAAAAAAAAAA,GAAAAA
1:1020230-TAAA/TA,TAA,TAAAA,T,TAAAAA
1:1021139-A/*,T
1:1021556-T/C
1:1022683-CA/CAA,C,CAAA
1:1023370-A/G
1:1023498-G/A
1:1024284-CT/CTT,C
1:1025123-CAAAAAA/CAAAAAAA,CAAAA,CAAAAAAAA,CAAAAA,C
1:1026095-A/C,*
1:1026725-A/G
1:1028273-T/C
1:1028736-GTTC/G
1:1031158-T/C
1:1032165-T/C
1:1033390-C/T
1:1037182-T/C
1:1037889-T/C
1:1038057-CAAAAAAA/C,CAAAAAAAAAA,CAAAAAAAA,CAAAAAAAAA,CAAAAAAAAAAA,CA,CAAAAAAAAAAAAAAAAAAAAAAAA,CAAAAAAAAAAAAAAAAAAAA,CAAAAAAAAAAAAAAAAAAAAA
1:1038661-G/A
1:1041482-G/A
1:1041629-T/C
1:1041853-G/C
1:1042214-A/G
1:1043458-C/T
1:1043789-C/A
1:1045565-T/C
1:1045613-C/G
1:1046197-C/G
1:1047688-A/AT
1:1048250-G/A
1:1048831-ATTT/AT,ATT,ATTTT,ATTTTT,A
1:1049040-T/*,TG
1:1050001-C/A
1:1050880-G/C
1:1051974-A/G
1:1053431-G/A
1:1054170-A/G
1:1055347-C/T
1:1056670-CCT/C
1:1057765-A/G
1:1059409-A/G
1:1059730-CAAA/CAA,CAAAA,C,CA
1:1060262-T/C
1:1060740-CTT/C,CT,CTTT,CTTTT
1:1061474-A/G
1:1062523-CTTT/CT,CTTTT,CTT,C
1:1064082-T/C
1:1064855-CAA/CA,CAAA,C,CAAAA
1:1065594-T/G
1:1066827-T/G
1:1067887-T/TTTCTTCTTC,TTTCTTCTTCTTCTTC,TTTCTTC,TTTC
1:1069244-CTTTT/CT,C,CTTT,CTTTTT,CTT
1:1073512-CTTT/CTT,CTTTT,CTTTTT,CT,C
1:1073724-AAAATAAATAAATAAAT/AAAATAAAT,AAAATAAATAAATAAATAAAT,AAAATAAATAAATAAATAAATAAAT,AAAATAAATAAAT,A,AAAATAAATAAATAAATAAATAAATAAAT
1:1074361-C/G
1:1074696-A/T,C
1:1074909-CAA/CAAA,CA,C
1:1074943-CAA/CA,CAAA,C
1:1076062-TA/T,TAA
1:1076236-CTT/CT,CTTT,C
1:1077003-CAAAAAAAAAAAAA/CAAAAAAAAAAAA,CAAAAAAAAAAAAAA,CAAAAAAAAAAA,CAAAAAAAAAA,CAAAAAAAAA,C
1:1078658-CA/C,CAA
1:1080781-TA/T,TAA
1:1081361-A/G
1:1084364-CAA/CAAA,CAAAA,C,CA
1:1084983-G/GT
1:1085844-CTTTTTT/CTTTT,CTTTTT,CTTTTTTT,CTTTTTTTTT,CTTTTTTTT,C
1:1087772-A/G
1:1088630-CAAA/CAA,CA,CAAAA,C
1:1089691-T/C
1:1089729-G/A
1:1091827-TA/TAA,T,TAAA
1:1091972-CAAA/CAAAA,CAAAAA,C,CAA,CA,CAAAAAA
1:1093998-A/C
1:1094828-C/G
1:1094926-A/G
1:1096983-T/G
1:1098959-T/G,C
1:1101254-T/A
1:1102056-A/T
1:1104181-GTATA/GTA,G
1:1104747-GTATATATATA/GTATATATA,GTATATA,GTA,GTATA,GTATATATATATA,G
1:1107577-A/G,*
1:1108972-TAC/CAC,T
1:1110071-G/A
1:1110441-CT/CTT,C
1:1113458-G/C
1:1115811-GTT/G
1:1115946-TTATATA/T,TTATATATA,TTATA,ATATATA,TTA
1:1116657-ATTT/AT,TTTT,ATTTT,A,ATT
1:1116686-T/TA,*
1:1116834-T/A,TA,*
1:1118137-T/A,*
1:1118677-A/G
1:1118813-TAA/TA,TAAA,T
1:1119912-CAA/CAAA,CAAAA,CA,C,CAAAAA
1:1121280-CTT/CT,CTTT,C,CTTTT
1:1121541-G/A
1:1122382-TTCTC/TTC,TTCTCTC,T,TTCTCTCTC
1:1123204-ATGTGTG/ATGTGTGTG,ATGTG,ATG,*
1:1125043-GC/G
1:1125426-G/C
1:1126069-C/T
1:1128637-GT/GTT,G
1:1130037-CTTTT/CTTT,CTTTTT,C,CT,CTTTTTT,CTT
1:1130504-CTTT/CT,CTTTT,CTT,C
1:1134720-G/C
1:1134841-T/C
1:1136087-A/G
1:1137605-T/C
1:1139436-A/T
1:1140150-T/G
1:1140982-CT/CTT,C
1:1141691-G/A
1:1142862-G/A
1:1143502-T/C
1:1143560-G/A
1:1146666-GC/G
1:1146852-C/G
1:1148772-G/A
1:1149891-C/T
1:1150437-T/C
1:1150821-G/A
1:1152597-A/G
1:1154078-T/C
1:1154322-A/G
1:1154367-T/C
1:1155957-G/A
1:1157520-A/ATG
1:1158575-CAA/C,CA,CAAAAA,CAAA,CAAAAAA,CAAAA
1:1159908-G/A
1:1160894-C/T
1:1162123-T/C
1:1162562-A/G
1:1165102-T/C
1:1166457-A/G,*
1:1168104-A/G
1:1171015-G/A
1:1171697-G/A
1:1175070-C/T
1:1176023-A/T
1:1177426-TC/T,*
1:1177532-CT/C,CTT,TT
1:1179291-G/A
1:1181333-C/A
1:1182068-T/C
1:1182682-A/G
1:1182959-T/C
1:1183176-T/C
1:1183737-C/CTA
1:1184257-T/A
1:1185365-AC/A
1:1185425-T/C,G
1:1185998-T/TGGGGAGGGGGA
1:1186596-A/G
1:1187641-G/A
1:1189528-T/C
1:1189997-A/C
1:1190967-G/A
1:1191317-T/C
1:1191841-C/T
1:1193513-CTTT/CTT,CTTTT,CTTTTT,C,CT
1:1193877-G/C
1:1194134-GAAAA/GAAAAA,GAA,GAAA,G
1:1196608-C/T
1:1200443-G/C
1:1200959-T/G
1:1201887-A/G
1:1202691-T/C
1:1203299-C/A
1:1205810-A/G
1:1206661-G/T
1:1207059-CTT/C,CT,CTTT
1:1208662-CAA/C
1:1208783-A/*,G
1:1211377-A/G
1:1214904-ACTTCCCTTCCCTTCC/ACTTCC,ACTTCCCTTCC,ACTTCCCTTCCCTTCCCTTCC,*,A
1:1217476-T/G
1:1218627-C/T
1:1223450-C/T
1:1224089-A/G
1:1224953-C/T
1:1225752-CTAA/CA,C
1:1225977-A/C,*
1:1227544-G/A
1:1229077-G/A
1:1229138-G/A
1:1229465-G/A
1:1230617-CA/C,CAAAAA,CAA,CAAA,CAAAA
1:1232341-G/A
1:1233089-T/G
1:1234538-T/C
1:1236823-T/C
1:1237279-G/A
1:1238854-A/G
1:1239309-C/T
1:1239621-T/C
1:1240192-C/G
1:1241695-C/T
1:1242417-A/G
1:1242595-C/G
1:1243671-G/A
1:1244349-T/C
1:1245928-C/G
1:1246623-CTTTTCTTT/CTT,C,CT
1:1247276-TTTC/ATTC,*
1:1247652-CTTTTTTTTTT/CTTTTTTTTT,CTTTTTTTTTTT,CTTTTTTT,CTTTTTTTT,CTTTTTT,*
1:1248249-T/C
1:1248865-G/GC,GCC
1:1249269-ATTT/ATTTT,AT,ATT,A
1:1249874-G/A
1:1250997-CTTTTTTTT/CTTTTTT,CTTTTTTT,CTTTTTTTTT,CTTTTT,C
1:1251242-TAA/TAAA,TAAAA,TA,T,AAA
1:1251327-CAA/CA,CAAA,C,CAAAA
1:1251489-AAATAATAATAAT/AAATAAT,AAAT,AAATAATAATAATAAT,A
1:1251785-T/*,A
1:1253472-CAAAAA/CA,CAAA,CAAAA,CAAAAAA,CAA,C
1:1254772-C/G,T
1:1255818-A/G
1:1256797-T/C
1:1258559-GTT/GT,GTTT,G
1:1259397-CAAAAA/CAAAAAA,CAAAAAAA,CAAAA,CAAA,CAA,C
1:1260745-CT/CTTT,CTTTT,C,CTTTTT,CTT,CTCTT
1:1261638-CAAA/CAA,CAAAA,CAAAAA,CA,C,CAAAAAA
1:1261659-CTTAAAA/C
1:1261959-CAAA/CAAAA,CAA,CA,C
1:1262631-C/T
1:1263132-C/T
1:1265667-CA/CAA,C
1:1265741-C/T
1:1266136-T/C
1:1266861-TAAA/TAA,TAAAA,TAAAAA,TA,T
1:1267752-A/T,*
1:1269931-GAAA/GAAAA,GAA,GAAAAA,CAAA,GA,G
1:1270433-CAAA/CAA,CAAAA,CA,C
1:1270687-AT/ATTT,ATTTT,A,ATT
1:1270758-G/A
1:1272204-ATT/AT,ATTT,A
1:1274922-G/A
1:1277234-G/A
1:1279105-CAAA/CAAAA,CA,CAA,CAAAAA,C,CAAAAAA
1:1279180-GT/GTTT,GTTTT,GTT,G,GTTTTT,GGTT
1:1279986-GT/G,GTTTT,GTTTTT
1:1281044-CTTT/CT,CTTTT,CTTTTTTTTTTTT,CTT,CTTTTT,C
1:1282689-G/A
1:1285057-G/C
1:1285439-CT/C,CTT,CTTT
1:1286904-C/T
1:1287779-TATCAATCA/TATCA,T,TATCAATCAATCA,*
1:1288633-C/T
1:1290074-ACC/ACCC,AC,ACCCC,A,ACCCCC
1:1290406-C/T
1:1290938-A/C
1:1292687-CG/CGGG,CGG,CGGGG,C
1:1293502-TACACAC/TACAC,TACACACACAC,TAC,TACACACAC,T
1:1294087-A/T
1:1296454-A/G
1:1297546-C/A,T
1:1298435-G/A
1:1300344-G/C
1:1300506-G/GCC
1:1301152-G/A
1:1301497-G/T
1:1302896-G/A
1:1304503-A/G
1:1305189-T/C
1:1306885-A/G
1:1309140-C/T
1:1310076-AT/A,ATT
1:1313431-C/T
1:1313571-CT/C,CTT
1:1317004-A/G
1:1318172-CT/C,CTT,TT,CCTTT
1:1320626-G/T
1:1323727-GA/G
1:1324369-G/A
1:1324626-C/G
1:1325211-TA/T
1:1329714-G/GA
1:1330624-AT/A
1:1330954-A/G
1:1331663-C/T
1:1331920-C/T
1:1334006-G/A
1:1335659-TACCACCACCACC/TACCACCACCACCACC,TACCACCACC,T
1:1338265-A/G
1:1339484-T/C
1:1340422-CGTT/CTT,CT,C
1:1340881-GTTT/GTT,GTTTT,ATTT,*
1:1342119-TAA/TA,TAAA,T
1:1344782-T/C
1:1346174-TTATATATATATATATATATATA/TTATATATATATATATATATA,TTATATATATATATATATA,TTATATATATA,TTA,TTATATATATATATATA,T
1:1349290-T/C,*
1:1350285-T/C,*
1:1350844-T/C
1:1355074-CATATATATACAT/CATATATATATACAT,TATATATATACAT,*,C
1:1355927-A/T
1:1356185-A/G
1:1358388-AAC/CAC,*
1:1359258-T/C
1:1361854-C/G
1:1362047-A/G
1:1363015-A/G
1:1363794-CAA/CA,CAAA,C
1:1367766-C/T
1:1368398-A/G
1:1369497-G/A
1:1369911-A/C,AC
1:1370321-C/T
1:1370752-G/A
1:1370959-G/C
1:1370993-C/G,T
1:1372635-A/G
1:1374119-G/A
1:1376023-CTTT/CTT,CTTTT,CT,C
1:1376993-GCACACACA/GCACACACACACA,GCACACACACA,GCACACA,GCACACACACACACA,GCACACACACACACACA,G
1:1378432-T/G
1:1380051-TA/T,TAA
1:1380348-T/G
1:1381156-G/A
1:1381987-G/A
1:1382163-C/A
1:1384424-G/T
1:1385056-G/T
1:1386623-G/T
1:1387386-TAA/TA,TAAA,TAAAA,TAAAAA,T,TAAAAAAA
1:1388483-A/*,T
1:1388880-T/G
1:1389685-CAA/CA,CAAA,C
1:1389773-CA/C,CAA
1:1390687-TGA/CGA,T
1:1390971-CTTTT/CTTT,CTT,CT,C
1:1391857-C/G
1:1394769-T/C
1:1396841-C/T
1:1398643-A/G
1:1398833-C/G,T
1:1400237-T/C
1:1400673-CTTTT/CTT,CTTT,CT,CTTTTT,C
1:1401573-T/*,C
1:1401914-G/A
1:1402585-CTTTT/CTTT,CT,CTTTTT,CTT,C
1:1404138-T/G
1:1405302-T/G
1:1405564-CT/CTT,C
1:1406543-CATATATATATATATATATAT/C,CAT,CATATATATAT,CATATATAT,CATAT,CATATATATATATATAT
1:1406949-ATATATATATAT/*,A
1:1407256-AT/*,A
1:1409177-ATATATATATAT/*,A
1:1409675-AT/*,A
1:1410918-G/A
1:1412292-G/A
1:1413910-CAA/C
1:1414482-A/G
1:1415804-C/A
1:1417240-C/A
1:1418755-AT/ATT,ATTT,A
1:1418869-GAA/GA,GAAA,GAAAA,G
1:1420753-G/A
1:1420966-G/T
1:1422249-C/T
1:1422952-G/A
1:1424705-C/T
1:1425782-G/A
1:1426741-A/G
1:1426765-T/C
1:1427680-CA/C,CAA
1:1428239-A/G
1:1429883-C/G
1:1431020-C/T
1:1431282-T/C
1:1435894-A/G
1:1436530-T/A
1:1438667-T/C
1:1439510-CAA/CA,CAAA,C
1:1440257-G/A
1:1441827-CTTT/CTTTT,CTT,CT,C,CTTTTT
1:1443160-CTTTTTTTTT/CTTTTTTTTTT,CTTTTTTTTTTT,CTTTTTTT,CTTTTTTTT,C
1:1443412-C/G
1:1443879-CTTTTT/CTTTTTT,CTTTTTTT,CTTTTTTTT,CTTTT,CTTT,C
1:1446619-T/G
1:1446739-C/CAT
1:1447142-T/TGTGG
1:1448396-C/G
1:1449689-T/A
1:1452545-A/G
1:1453460-G/A
1:1454767-C/T
1:1455490-G/A
1:1456344-G/A
1:1457497-C/T
1:1457518-G/C
1:1457788-G/A
1:1458452-T/C
1:1458973-A/G
1:1460030-A/G
1:1462374-CTTT/CTTTT,CTT,CTTTTT,C
1:1463474-GTATATATA/GTATA,GTATATA,GTA,G
1:1463889-A/G,*
1:1464627-A/G,*
1:1466072-A/G
1:1466620-A/G
1:1467382-TATATATACATAC/TATAC,T,*
1:1468225-ATACT/TTACT,*
1:1469016-TAC/T,*
1:1471053-CTTTTTTTTTTTT/CTTTTTTTTTTTTTT,CTTTTTTTTT,CTTTTTTTTTTT,CTTTTTTTTTTTTT,CTTTTTTTTTT,CTTTTTTTTTTTTTTT,C
1:1472042-T/TC,*
1:1473858-G/A
1:1474384-G/C
1:1475636-T/C
1:1479413-G/T
1:1479556-T/C
1:1481873-A/C
1:1482195-T/G
1:1482329-C/T
1:1485235-C/T
1:1487434-GTATATA/GTA,GTATA,G,GTATATATA,GTATATATATATA
1:1489065-TATATGTGTATATATATATATA/T,TTA,TTATGTGTATATATATATATA,*
1:1489710-A/T,*
1:1490234-G/T
1:1493253-T/C
1:1493705-TGTGTGTGTGTGTGTGTGTGTGTGTGTG/T,*
1:1494813-TGTGTGTGTGTGTGTGTGTGTGTG/T,*
1:1495471-TGTGTGTGTGTGTGTGTGTGTG/TTGTGTGTGTGTGTGTGTGTG,*
1:1496935-TGTGTGTGTGTGTGTGTG/TTGTGTGTGTGTGTGTG,T,*
1:1497251-TGTGTGTGTGTGTGTG/TTGTGTGTGTGTGTG,T,TTG,*
1:1497677-TGTGTGTGTGTGTG/T,TTGTGTGTGTGTG,TTGTGTG,TTG,*
1:1498084-TGTGTGTGTGTG/T,TTGTGTGTGTG,TTGTG,TTG,*,TTGTGTG
1:1498922-TGTGTGTGTG/TTGTGTGTG,T,TTGTG,TTGTGTG,TTG,*
1:1499503-TGTGTGTG/T,TTGTGTG,TTGTG,TTG,*
1:1499758-GTGTGTGTT/TTGTGTGTT,*
1:1503599-G/C
1:1505243-T/C
1:1505720-C/T
1:1506961-T/C
1:1507014-A/G
1:1507051-C/G
1:1507473-A/T
1:1509133-C/G
1:1510107-G/A
1:1510992-G/A
1:1511946-C/G
1:1512659-A/G
1:1513506-TTGTGTGTG/TTGTGTG,TTGTGTGTGTG,TTGTGTGTGTGTGTG,TTGTGTGTGTGTGTGTG,TTGTGTGTGTGTG,T
1:1513832-G/GTA,GTGTA,GTGTGTA,GTGTGTGTA,GTGTGTGTGTA,A
1:1514830-C/T
1:1517788-C/T
1:1518858-C/A
1:1520962-T/C
1:1521406-G/A
1:1523171-T/C
1:1523850-G/T
1:1524294-C/A
1:1524560-G/C
1:1526240-G/T
1:1527090-G/T
1:1527601-GTCTA/G
1:1527945-A/ACCACCG
1:1528464-C/G
1:1529013-T/C
1:1530246-T/G
1:1531478-T/G
1:1531806-C/A
1:1535765-T/G
1:1535864-A/T
1:1536418-C/G
1:1538130-C/T
