1:1107010-A/G,*
1:1155957-G/A
1:1165102-T/C
1:1182959-T/C
1:1187496-T/C
1:1206429-C/T
1:1212302-C/T
1:1234988-T/G
1:1306773-C/T
1:1306885-A/G
1:1316176-T/A
1:1317004-A/G
1:1323007-A/G
1:1324369-G/A
1:1324626-C/G
1:1324971-A/G
1:1327419-C/T
1:1507920-C/G
1:1526240-G/T
