1:1082113-G/GACAATTGCTCGTAAACAGGTGGATGATGGTGCGTTGGTATTGGATATCAATATGGACGATGGTCTGTTGGAGGCAAAAGATGAGATGGTTCATTT
1:1285512-C/A
1:1329254-T/C
1:1527480-A/AATGATAC
1:1527601-GTCTA/G
